

================================================================
== Vitis HLS Report for 'kalman_filter_top_Pipeline_VITIS_LOOP_89_19_VITIS_LOOP_90_20'
================================================================
* Date:           Mon May 20 14:15:59 2024

* Version:        2022.2 (Build 3670227 on Oct 13 2022)
* Project:        kalman_hls
* Solution:       solution1 (Vivado IP Flow Target)
* Product family: zynq
* Target device:  xc7z020-clg400-1


================================================================
== Performance Estimates
================================================================
+ Timing: 
    * Summary: 
    +--------+----------+----------+------------+
    |  Clock |  Target  | Estimated| Uncertainty|
    +--------+----------+----------+------------+
    |ap_clk  |  10.00 ns|  6.912 ns|     2.70 ns|
    +--------+----------+----------+------------+

+ Latency: 
    * Summary: 
    +---------+---------+----------+----------+-----+-----+---------+
    |  Latency (cycles) |  Latency (absolute) |  Interval | Pipeline|
    |   min   |   max   |    min   |    max   | min | max |   Type  |
    +---------+---------+----------+----------+-----+-----+---------+
    |       21|       21|  0.210 us|  0.210 us|   21|   21|       no|
    +---------+---------+----------+----------+-----+-----+---------+

    + Detail: 
        * Instance: 
        N/A

        * Loop: 
        +-------------------------------------+---------+---------+----------+-----------+-----------+------+----------+
        |                                     |  Latency (cycles) | Iteration|  Initiation Interval  | Trip |          |
        |              Loop Name              |   min   |   max   |  Latency |  achieved |   target  | Count| Pipelined|
        +-------------------------------------+---------+---------+----------+-----------+-----------+------+----------+
        |- VITIS_LOOP_89_19_VITIS_LOOP_90_20  |       19|       19|         5|          1|          1|    16|       yes|
        +-------------------------------------+---------+---------+----------+-----------+-----------+------+----------+

============================================================
+ Verbose Summary: Synthesis Manager
============================================================
InlineROM: 1
ExposeGlobal: 0
============================================================
+ Verbose Summary: CDFG Model
============================================================
IsTopModel: 0
ResetActiveHigh: 1
IsCombinational: 0
IsDatapathOnly: 0
HasWiredReturn: 1
HasMFsm: 2
HasVarLatency: 1
IsPipeline: 0
IsRtlPipelined: 0
IsInstanceOverlapped: 0
IsDontTouch: 0
HasImplIP: 0
IsGatedGlobalClock: 0

+ Individual pipeline summary: 
  * Pipeline-0: initiation interval (II) = 1, depth = 5


============================================================
+ Verbose Summary: Schedule
============================================================
* Number of FSM states : 5
* Pipeline : 1
  Pipeline-0 : II = 1, D = 5, States = { 1 2 3 4 5 }
* Dataflow Pipeline: 0

* FSM state transitions: 
1 --> 2 
2 --> 3 
3 --> 4 
4 --> 5 
5 --> 

* FSM state operations: 

State 1 <SV = 0> <Delay = 5.39>
ST_1 : Operation 8 [1/1] (0.00ns)   --->   "%j = alloca i32 1"   --->   Operation 8 'alloca' 'j' <Predicate = true> <Delay = 0.00>
ST_1 : Operation 9 [1/1] (0.00ns)   --->   "%i = alloca i32 1"   --->   Operation 9 'alloca' 'i' <Predicate = true> <Delay = 0.00>
ST_1 : Operation 10 [1/1] (0.00ns)   --->   "%indvar_flatten45 = alloca i32 1"   --->   Operation 10 'alloca' 'indvar_flatten45' <Predicate = true> <Delay = 0.00>
ST_1 : Operation 11 [1/1] (1.58ns)   --->   "%store_ln0 = store i5 0, i5 %indvar_flatten45"   --->   Operation 11 'store' 'store_ln0' <Predicate = true> <Delay = 1.58>
ST_1 : Operation 12 [1/1] (1.58ns)   --->   "%store_ln0 = store i3 0, i3 %i"   --->   Operation 12 'store' 'store_ln0' <Predicate = true> <Delay = 1.58>
ST_1 : Operation 13 [1/1] (1.58ns)   --->   "%store_ln0 = store i3 0, i3 %j"   --->   Operation 13 'store' 'store_ln0' <Predicate = true> <Delay = 1.58>
ST_1 : Operation 14 [1/1] (0.00ns)   --->   "%br_ln0 = br void %for.body366.i"   --->   Operation 14 'br' 'br_ln0' <Predicate = true> <Delay = 0.00>
ST_1 : Operation 15 [1/1] (0.00ns)   --->   "%i_1 = load i3 %i"   --->   Operation 15 'load' 'i_1' <Predicate = true> <Delay = 0.00>
ST_1 : Operation 16 [1/1] (0.00ns)   --->   "%indvar_flatten45_load = load i5 %indvar_flatten45" [kalman_hls/kalman.cpp:89]   --->   Operation 16 'load' 'indvar_flatten45_load' <Predicate = true> <Delay = 0.00>
ST_1 : Operation 17 [1/1] (0.00ns)   --->   "%shl_ln1271 = shl i3 %i_1, i3 1"   --->   Operation 17 'shl' 'shl_ln1271' <Predicate = true> <Delay = 0.00>
ST_1 : Operation 18 [1/1] (0.00ns)   --->   "%specpipeline_ln0 = specpipeline void @_ssdm_op_SpecPipeline, i32 4294967295, i32 0, i32 1, i32 0, void @p_str"   --->   Operation 18 'specpipeline' 'specpipeline_ln0' <Predicate = true> <Delay = 0.00>
ST_1 : Operation 19 [1/1] (1.36ns)   --->   "%icmp_ln89 = icmp_eq  i5 %indvar_flatten45_load, i5 16" [kalman_hls/kalman.cpp:89]   --->   Operation 19 'icmp' 'icmp_ln89' <Predicate = true> <Delay = 1.36> <CoreInst = "Cmp">   --->   Core 9 'Cmp' <Latency = 0> <II = 1> <Delay = 1.36> <FuncUnit> <Opcode : 'icmp'> <InPorts = 2> <OutPorts = 1>
ST_1 : Operation 20 [1/1] (1.78ns)   --->   "%add_ln89_1 = add i5 %indvar_flatten45_load, i5 1" [kalman_hls/kalman.cpp:89]   --->   Operation 20 'add' 'add_ln89_1' <Predicate = true> <Delay = 1.78> <CoreInst = "Adder">   --->   Core 1 'Adder' <Latency = 0> <II = 1> <Delay = 1.78> <FuncUnit> <Opcode : 'add' 'sub'> <InPorts = 2> <OutPorts = 1>
ST_1 : Operation 21 [1/1] (0.00ns)   --->   "%br_ln89 = br i1 %icmp_ln89, void %for.cond.cleanup365.i, void %for.body409.i.preheader.exitStub" [kalman_hls/kalman.cpp:89]   --->   Operation 21 'br' 'br_ln89' <Predicate = true> <Delay = 0.00>
ST_1 : Operation 22 [1/1] (0.00ns)   --->   "%j_load = load i3 %j" [kalman_hls/kalman.cpp:90]   --->   Operation 22 'load' 'j_load' <Predicate = (!icmp_ln89)> <Delay = 0.00>
ST_1 : Operation 23 [1/1] (1.65ns)   --->   "%add_ln89 = add i3 %i_1, i3 1" [kalman_hls/kalman.cpp:89]   --->   Operation 23 'add' 'add_ln89' <Predicate = (!icmp_ln89)> <Delay = 1.65> <CoreInst = "Adder">   --->   Core 1 'Adder' <Latency = 0> <II = 1> <Delay = 1.65> <FuncUnit> <Opcode : 'add' 'sub'> <InPorts = 2> <OutPorts = 1>
ST_1 : Operation 24 [1/1] (1.13ns)   --->   "%icmp_ln90 = icmp_eq  i3 %j_load, i3 4" [kalman_hls/kalman.cpp:90]   --->   Operation 24 'icmp' 'icmp_ln90' <Predicate = (!icmp_ln89)> <Delay = 1.13> <CoreInst = "Cmp">   --->   Core 9 'Cmp' <Latency = 0> <II = 1> <Delay = 1.13> <FuncUnit> <Opcode : 'icmp'> <InPorts = 2> <OutPorts = 1>
ST_1 : Operation 25 [1/1] (0.98ns)   --->   "%select_ln89 = select i1 %icmp_ln90, i3 0, i3 %j_load" [kalman_hls/kalman.cpp:89]   --->   Operation 25 'select' 'select_ln89' <Predicate = (!icmp_ln89)> <Delay = 0.98> <CoreInst = "Sel">   --->   Core 73 'Sel' <Latency = 0> <II = 1> <Delay = 0.98> <FuncUnit> <Opcode : 'select'> <InPorts = 3> <OutPorts = 1>
ST_1 : Operation 26 [1/1] (0.00ns)   --->   "%shl_ln1271_1 = shl i3 %add_ln89, i3 1"   --->   Operation 26 'shl' 'shl_ln1271_1' <Predicate = (!icmp_ln89)> <Delay = 0.00>
ST_1 : Operation 27 [1/1] (0.98ns)   --->   "%select_ln89_1 = select i1 %icmp_ln90, i3 %add_ln89, i3 %i_1" [kalman_hls/kalman.cpp:89]   --->   Operation 27 'select' 'select_ln89_1' <Predicate = (!icmp_ln89)> <Delay = 0.98> <CoreInst = "Sel">   --->   Core 73 'Sel' <Latency = 0> <II = 1> <Delay = 0.98> <FuncUnit> <Opcode : 'select'> <InPorts = 3> <OutPorts = 1>
ST_1 : Operation 28 [1/1] (0.00ns)   --->   "%trunc_ln91 = trunc i3 %select_ln89_1" [kalman_hls/kalman.cpp:91]   --->   Operation 28 'trunc' 'trunc_ln91' <Predicate = (!icmp_ln89)> <Delay = 0.00>
ST_1 : Operation 29 [1/1] (0.98ns)   --->   "%select_ln89_2 = select i1 %icmp_ln90, i3 %shl_ln1271_1, i3 %shl_ln1271" [kalman_hls/kalman.cpp:89]   --->   Operation 29 'select' 'select_ln89_2' <Predicate = (!icmp_ln89)> <Delay = 0.98> <CoreInst = "Sel">   --->   Core 73 'Sel' <Latency = 0> <II = 1> <Delay = 0.98> <FuncUnit> <Opcode : 'select'> <InPorts = 3> <OutPorts = 1>
ST_1 : Operation 30 [1/1] (0.00ns)   --->   "%zext_ln89 = zext i3 %select_ln89_2" [kalman_hls/kalman.cpp:89]   --->   Operation 30 'zext' 'zext_ln89' <Predicate = (!icmp_ln89)> <Delay = 0.00>
ST_1 : Operation 31 [1/1] (0.00ns)   --->   "%K_V_addr = getelementptr i32 %K_V, i64 0, i64 %zext_ln89"   --->   Operation 31 'getelementptr' 'K_V_addr' <Predicate = (!icmp_ln89)> <Delay = 0.00>
ST_1 : Operation 32 [2/2] (2.32ns)   --->   "%K_V_load = load i3 %K_V_addr" [kalman_hls/kalman.cpp:89]   --->   Operation 32 'load' 'K_V_load' <Predicate = (!icmp_ln89)> <Delay = 2.32> <CoreInst = "RAM">   --->   Core 82 'RAM' <Latency = 1> <II = 1> <Delay = 2.32> <Storage> <Opcode : 'load' 'store'> <Ports = 2> <Width = 32> <Depth = 8> <RAM>
ST_1 : Operation 33 [1/1] (0.98ns)   --->   "%select_ln89_4 = select i1 %icmp_ln90, i3 %shl_ln1271_1, i3 %shl_ln1271" [kalman_hls/kalman.cpp:89]   --->   Operation 33 'select' 'select_ln89_4' <Predicate = (!icmp_ln89)> <Delay = 0.98> <CoreInst = "Sel">   --->   Core 73 'Sel' <Latency = 0> <II = 1> <Delay = 0.98> <FuncUnit> <Opcode : 'select'> <InPorts = 3> <OutPorts = 1>
ST_1 : Operation 34 [1/1] (0.00ns)   --->   "%or_ln89 = or i3 %select_ln89_4, i3 1" [kalman_hls/kalman.cpp:89]   --->   Operation 34 'or' 'or_ln89' <Predicate = (!icmp_ln89)> <Delay = 0.00>
ST_1 : Operation 35 [1/1] (0.00ns)   --->   "%zext_ln1271 = zext i3 %or_ln89"   --->   Operation 35 'zext' 'zext_ln1271' <Predicate = (!icmp_ln89)> <Delay = 0.00>
ST_1 : Operation 36 [1/1] (0.00ns)   --->   "%K_V_addr_1 = getelementptr i32 %K_V, i64 0, i64 %zext_ln1271"   --->   Operation 36 'getelementptr' 'K_V_addr_1' <Predicate = (!icmp_ln89)> <Delay = 0.00>
ST_1 : Operation 37 [2/2] (2.32ns)   --->   "%K_V_load_1 = load i3 %K_V_addr_1" [kalman_hls/kalman.cpp:89]   --->   Operation 37 'load' 'K_V_load_1' <Predicate = (!icmp_ln89)> <Delay = 2.32> <CoreInst = "RAM">   --->   Core 82 'RAM' <Latency = 1> <II = 1> <Delay = 2.32> <Storage> <Opcode : 'load' 'store'> <Ports = 2> <Width = 32> <Depth = 8> <RAM>
ST_1 : Operation 38 [1/1] (0.00ns)   --->   "%j_4_cast = zext i3 %select_ln89" [kalman_hls/kalman.cpp:89]   --->   Operation 38 'zext' 'j_4_cast' <Predicate = (!icmp_ln89)> <Delay = 0.00>
ST_1 : Operation 39 [1/1] (0.00ns)   --->   "%H_addr = getelementptr i17 %H, i64 0, i64 %j_4_cast"   --->   Operation 39 'getelementptr' 'H_addr' <Predicate = (!icmp_ln89)> <Delay = 0.00>
ST_1 : Operation 40 [1/1] (0.96ns)   --->   "%xor_ln1273 = xor i3 %select_ln89, i3 4"   --->   Operation 40 'xor' 'xor_ln1273' <Predicate = (!icmp_ln89)> <Delay = 0.96> <CoreInst = "LogicGate">   --->   Core 74 'LogicGate' <Latency = 0> <II = 1> <Delay = 0.96> <FuncUnit> <Opcode : 'and' 'or' 'xor'> <InPorts = 2> <OutPorts = 1>
ST_1 : Operation 41 [1/1] (0.00ns)   --->   "%zext_ln1273_1 = zext i3 %xor_ln1273"   --->   Operation 41 'zext' 'zext_ln1273_1' <Predicate = (!icmp_ln89)> <Delay = 0.00>
ST_1 : Operation 42 [1/1] (0.00ns)   --->   "%H_addr_1 = getelementptr i17 %H, i64 0, i64 %zext_ln1273_1"   --->   Operation 42 'getelementptr' 'H_addr_1' <Predicate = (!icmp_ln89)> <Delay = 0.00>
ST_1 : Operation 43 [2/2] (2.32ns)   --->   "%H_load = load i3 %H_addr"   --->   Operation 43 'load' 'H_load' <Predicate = (!icmp_ln89)> <Delay = 2.32> <CoreInst = "ROM">   --->   Core 95 'ROM' <Latency = 1> <II = 1> <Delay = 2.32> <Storage> <Opcode : 'load'> <Ports = 0> <Width = 17> <Depth = 8> <ROM>
ST_1 : Operation 44 [2/2] (2.32ns)   --->   "%H_load_1 = load i3 %H_addr_1"   --->   Operation 44 'load' 'H_load_1' <Predicate = (!icmp_ln89)> <Delay = 2.32> <CoreInst = "ROM">   --->   Core 95 'ROM' <Latency = 1> <II = 1> <Delay = 2.32> <Storage> <Opcode : 'load'> <Ports = 0> <Width = 17> <Depth = 8> <ROM>
ST_1 : Operation 45 [1/1] (1.65ns)   --->   "%add_ln90 = add i3 %select_ln89, i3 1" [kalman_hls/kalman.cpp:90]   --->   Operation 45 'add' 'add_ln90' <Predicate = (!icmp_ln89)> <Delay = 1.65> <CoreInst = "Adder">   --->   Core 1 'Adder' <Latency = 0> <II = 1> <Delay = 1.65> <FuncUnit> <Opcode : 'add' 'sub'> <InPorts = 2> <OutPorts = 1>
ST_1 : Operation 46 [1/1] (1.58ns)   --->   "%store_ln90 = store i5 %add_ln89_1, i5 %indvar_flatten45" [kalman_hls/kalman.cpp:90]   --->   Operation 46 'store' 'store_ln90' <Predicate = (!icmp_ln89)> <Delay = 1.58>
ST_1 : Operation 47 [1/1] (1.58ns)   --->   "%store_ln90 = store i3 %select_ln89_1, i3 %i" [kalman_hls/kalman.cpp:90]   --->   Operation 47 'store' 'store_ln90' <Predicate = (!icmp_ln89)> <Delay = 1.58>
ST_1 : Operation 48 [1/1] (1.58ns)   --->   "%store_ln90 = store i3 %add_ln90, i3 %j" [kalman_hls/kalman.cpp:90]   --->   Operation 48 'store' 'store_ln90' <Predicate = (!icmp_ln89)> <Delay = 1.58>

State 2 <SV = 1> <Delay = 2.32>
ST_2 : Operation 49 [1/2] (2.32ns)   --->   "%K_V_load = load i3 %K_V_addr" [kalman_hls/kalman.cpp:89]   --->   Operation 49 'load' 'K_V_load' <Predicate = true> <Delay = 2.32> <CoreInst = "RAM">   --->   Core 82 'RAM' <Latency = 1> <II = 1> <Delay = 2.32> <Storage> <Opcode : 'load' 'store'> <Ports = 2> <Width = 32> <Depth = 8> <RAM>
ST_2 : Operation 50 [1/2] (2.32ns)   --->   "%K_V_load_1 = load i3 %K_V_addr_1" [kalman_hls/kalman.cpp:89]   --->   Operation 50 'load' 'K_V_load_1' <Predicate = true> <Delay = 2.32> <CoreInst = "RAM">   --->   Core 82 'RAM' <Latency = 1> <II = 1> <Delay = 2.32> <Storage> <Opcode : 'load' 'store'> <Ports = 2> <Width = 32> <Depth = 8> <RAM>
ST_2 : Operation 51 [1/2] (2.32ns)   --->   "%H_load = load i3 %H_addr"   --->   Operation 51 'load' 'H_load' <Predicate = true> <Delay = 2.32> <CoreInst = "ROM">   --->   Core 95 'ROM' <Latency = 1> <II = 1> <Delay = 2.32> <Storage> <Opcode : 'load'> <Ports = 0> <Width = 17> <Depth = 8> <ROM>
ST_2 : Operation 52 [1/2] (2.32ns)   --->   "%H_load_1 = load i3 %H_addr_1"   --->   Operation 52 'load' 'H_load_1' <Predicate = true> <Delay = 2.32> <CoreInst = "ROM">   --->   Core 95 'ROM' <Latency = 1> <II = 1> <Delay = 2.32> <Storage> <Opcode : 'load'> <Ports = 0> <Width = 17> <Depth = 8> <ROM>

State 3 <SV = 2> <Delay = 6.91>
ST_3 : Operation 53 [1/1] (0.00ns)   --->   "%sext_ln89 = sext i32 %K_V_load" [kalman_hls/kalman.cpp:89]   --->   Operation 53 'sext' 'sext_ln89' <Predicate = true> <Delay = 0.00>
ST_3 : Operation 54 [1/1] (0.00ns)   --->   "%sext_ln89_1 = sext i32 %K_V_load_1" [kalman_hls/kalman.cpp:89]   --->   Operation 54 'sext' 'sext_ln89_1' <Predicate = true> <Delay = 0.00>
ST_3 : Operation 55 [1/1] (0.00ns)   --->   "%zext_ln818 = zext i17 %H_load"   --->   Operation 55 'zext' 'zext_ln818' <Predicate = true> <Delay = 0.00>
ST_3 : Operation 56 [2/2] (6.91ns)   --->   "%mul_ln818 = mul i48 %zext_ln818, i48 %sext_ln89"   --->   Operation 56 'mul' 'mul_ln818' <Predicate = true> <Delay = 6.91> <CoreInst = "Multiplier">   --->   Core 3 'Multiplier' <Latency = 1> <II = 1> <Delay = 6.91> <FuncUnit> <Opcode : 'mul'> <InPorts = 2> <OutPorts = 1>
ST_3 : Operation 57 [1/1] (0.00ns)   --->   "%zext_ln1347 = zext i17 %H_load_1"   --->   Operation 57 'zext' 'zext_ln1347' <Predicate = true> <Delay = 0.00>
ST_3 : Operation 58 [2/2] (6.91ns)   --->   "%mul_ln1347 = mul i48 %zext_ln1347, i48 %sext_ln89_1"   --->   Operation 58 'mul' 'mul_ln1347' <Predicate = true> <Delay = 6.91> <CoreInst = "Multiplier">   --->   Core 3 'Multiplier' <Latency = 1> <II = 1> <Delay = 6.91> <FuncUnit> <Opcode : 'mul'> <InPorts = 2> <OutPorts = 1>

State 4 <SV = 3> <Delay = 6.91>
ST_4 : Operation 59 [1/2] (6.91ns)   --->   "%mul_ln818 = mul i48 %zext_ln818, i48 %sext_ln89"   --->   Operation 59 'mul' 'mul_ln818' <Predicate = true> <Delay = 6.91> <CoreInst = "Multiplier">   --->   Core 3 'Multiplier' <Latency = 1> <II = 1> <Delay = 6.91> <FuncUnit> <Opcode : 'mul'> <InPorts = 2> <OutPorts = 1>
ST_4 : Operation 60 [1/2] (6.91ns)   --->   "%mul_ln1347 = mul i48 %zext_ln1347, i48 %sext_ln89_1"   --->   Operation 60 'mul' 'mul_ln1347' <Predicate = true> <Delay = 6.91> <CoreInst = "Multiplier">   --->   Core 3 'Multiplier' <Latency = 1> <II = 1> <Delay = 6.91> <FuncUnit> <Opcode : 'mul'> <InPorts = 2> <OutPorts = 1>
ST_4 : Operation 61 [1/1] (0.00ns)   --->   "%tmp_1 = partselect i32 @_ssdm_op_PartSelect.i32.i48.i32.i32, i48 %mul_ln818, i32 16, i32 47"   --->   Operation 61 'partselect' 'tmp_1' <Predicate = true> <Delay = 0.00>
ST_4 : Operation 76 [1/1] (0.00ns)   --->   "%ret_ln0 = ret"   --->   Operation 76 'ret' 'ret_ln0' <Predicate = (icmp_ln89)> <Delay = 0.00>

State 5 <SV = 4> <Delay = 5.42>
ST_5 : Operation 62 [1/1] (0.00ns)   --->   "%specloopname_ln0 = specloopname void @_ssdm_op_SpecLoopName, void @VITIS_LOOP_89_19_VITIS_LOOP_90_20_str"   --->   Operation 62 'specloopname' 'specloopname_ln0' <Predicate = true> <Delay = 0.00>
ST_5 : Operation 63 [1/1] (0.00ns)   --->   "%empty = speclooptripcount i32 @_ssdm_op_SpecLoopTripCount, i64 16, i64 16, i64 16"   --->   Operation 63 'speclooptripcount' 'empty' <Predicate = true> <Delay = 0.00>
ST_5 : Operation 64 [1/1] (0.00ns)   --->   "%tmp_s = bitconcatenate i4 @_ssdm_op_BitConcatenate.i4.i2.i2, i2 %trunc_ln91, i2 0" [kalman_hls/kalman.cpp:91]   --->   Operation 64 'bitconcatenate' 'tmp_s' <Predicate = true> <Delay = 0.00>
ST_5 : Operation 65 [1/1] (0.00ns)   --->   "%specpipeline_ln0 = specpipeline void @_ssdm_op_SpecPipeline, i32 4294967295, i32 0, i32 1, i32 0, void @p_str"   --->   Operation 65 'specpipeline' 'specpipeline_ln0' <Predicate = true> <Delay = 0.00>
ST_5 : Operation 66 [1/1] (0.00ns)   --->   "%zext_ln1273 = zext i3 %select_ln89"   --->   Operation 66 'zext' 'zext_ln1273' <Predicate = true> <Delay = 0.00>
ST_5 : Operation 67 [1/1] (1.73ns)   --->   "%add_ln91 = add i4 %tmp_s, i4 %zext_ln1273" [kalman_hls/kalman.cpp:91]   --->   Operation 67 'add' 'add_ln91' <Predicate = true> <Delay = 1.73> <CoreInst = "Adder">   --->   Core 1 'Adder' <Latency = 0> <II = 1> <Delay = 1.73> <FuncUnit> <Opcode : 'add' 'sub'> <InPorts = 2> <OutPorts = 1>
ST_5 : Operation 68 [1/1] (0.00ns)   --->   "%zext_ln91 = zext i4 %add_ln91" [kalman_hls/kalman.cpp:91]   --->   Operation 68 'zext' 'zext_ln91' <Predicate = true> <Delay = 0.00>
ST_5 : Operation 69 [1/1] (0.00ns)   --->   "%temp_V_addr = getelementptr i32 %temp_V, i64 0, i64 %zext_ln91" [kalman_hls/kalman.cpp:91]   --->   Operation 69 'getelementptr' 'temp_V_addr' <Predicate = true> <Delay = 0.00>
ST_5 : Operation 70 [1/1] (0.00ns)   --->   "%specloopname_ln90 = specloopname void @_ssdm_op_SpecLoopName, void @empty_3" [kalman_hls/kalman.cpp:90]   --->   Operation 70 'specloopname' 'specloopname_ln90' <Predicate = true> <Delay = 0.00>
ST_5 : Operation 71 [1/1] (0.00ns)   --->   "%shl_ln838_s = bitconcatenate i48 @_ssdm_op_BitConcatenate.i48.i32.i16, i32 %tmp_1, i16 0"   --->   Operation 71 'bitconcatenate' 'shl_ln838_s' <Predicate = true> <Delay = 0.00>
ST_5 : Operation 72 [1/1] (3.10ns)   --->   "%add_ln1347 = add i48 %shl_ln838_s, i48 %mul_ln1347"   --->   Operation 72 'add' 'add_ln1347' <Predicate = true> <Delay = 3.10> <CoreInst = "Adder">   --->   Core 1 'Adder' <Latency = 0> <II = 1> <Delay = 3.10> <FuncUnit> <Opcode : 'add' 'sub'> <InPorts = 2> <OutPorts = 1>
ST_5 : Operation 73 [1/1] (0.00ns)   --->   "%trunc_ln818_4 = partselect i32 @_ssdm_op_PartSelect.i32.i48.i32.i32, i48 %add_ln1347, i32 16, i32 47"   --->   Operation 73 'partselect' 'trunc_ln818_4' <Predicate = true> <Delay = 0.00>
ST_5 : Operation 74 [1/1] (2.32ns)   --->   "%store_ln1420 = store i32 %trunc_ln818_4, i4 %temp_V_addr"   --->   Operation 74 'store' 'store_ln1420' <Predicate = true> <Delay = 2.32> <CoreInst = "RAM">   --->   Core 82 'RAM' <Latency = 1> <II = 1> <Delay = 2.32> <Storage> <Opcode : 'load' 'store'> <Ports = 2> <Width = 32> <Depth = 16> <RAM>
ST_5 : Operation 75 [1/1] (0.00ns)   --->   "%br_ln90 = br void %for.body366.i" [kalman_hls/kalman.cpp:90]   --->   Operation 75 'br' 'br_ln90' <Predicate = true> <Delay = 0.00>


============================================================
+ Verbose Summary: Binding
============================================================
STG Binding: 
---------------- STG Properties BEGIN ----------------
- Is combinational: 0
- Is one-state seq: 0
- Is datapath-only: 0
- Is pipelined: 0
- Is top level: 0
Port [ Return ] is wired: 1; IO mode=ap_ctrl_hs:ce=0
Port [ K_V]:  wired=1; compound=1; hidden=0; nouse=0; global=0; static=0; extern=0; dir=0; type=1; pingpong=0; private_global=0; MemPort=[11]; IO mode=ap_memory:ce=0
Port [ temp_V]:  wired=1; compound=1; hidden=0; nouse=0; global=0; static=0; extern=0; dir=1; type=1; pingpong=0; private_global=0; MemPort=[03]; IO mode=ap_memory:ce=0
Port [ H]:  wired=0; compound=1; hidden=1; nouse=0; global=1; static=1; extern=0; dir=0; type=1; pingpong=0; private_global=0; MemPort=[11]; IO mode=ap_memory:ce=0
---------------- STG Properties END ------------------

---------------- Datapath Model BEGIN ----------------

<LifeTime>
<method=bitvector/>
j                     (alloca           ) [ 010000]
i                     (alloca           ) [ 010000]
indvar_flatten45      (alloca           ) [ 010000]
store_ln0             (store            ) [ 000000]
store_ln0             (store            ) [ 000000]
store_ln0             (store            ) [ 000000]
br_ln0                (br               ) [ 000000]
i_1                   (load             ) [ 000000]
indvar_flatten45_load (load             ) [ 000000]
shl_ln1271            (shl              ) [ 000000]
specpipeline_ln0      (specpipeline     ) [ 000000]
icmp_ln89             (icmp             ) [ 011110]
add_ln89_1            (add              ) [ 000000]
br_ln89               (br               ) [ 000000]
j_load                (load             ) [ 000000]
add_ln89              (add              ) [ 000000]
icmp_ln90             (icmp             ) [ 000000]
select_ln89           (select           ) [ 011111]
shl_ln1271_1          (shl              ) [ 000000]
select_ln89_1         (select           ) [ 000000]
trunc_ln91            (trunc            ) [ 011111]
select_ln89_2         (select           ) [ 000000]
zext_ln89             (zext             ) [ 000000]
K_V_addr              (getelementptr    ) [ 011000]
select_ln89_4         (select           ) [ 000000]
or_ln89               (or               ) [ 000000]
zext_ln1271           (zext             ) [ 000000]
K_V_addr_1            (getelementptr    ) [ 011000]
j_4_cast              (zext             ) [ 000000]
H_addr                (getelementptr    ) [ 011000]
xor_ln1273            (xor              ) [ 000000]
zext_ln1273_1         (zext             ) [ 000000]
H_addr_1              (getelementptr    ) [ 011000]
add_ln90              (add              ) [ 000000]
store_ln90            (store            ) [ 000000]
store_ln90            (store            ) [ 000000]
store_ln90            (store            ) [ 000000]
K_V_load              (load             ) [ 010100]
K_V_load_1            (load             ) [ 010100]
H_load                (load             ) [ 010100]
H_load_1              (load             ) [ 010100]
sext_ln89             (sext             ) [ 010010]
sext_ln89_1           (sext             ) [ 010010]
zext_ln818            (zext             ) [ 010010]
zext_ln1347           (zext             ) [ 010010]
mul_ln818             (mul              ) [ 000000]
mul_ln1347            (mul              ) [ 010001]
tmp_1                 (partselect       ) [ 010001]
specloopname_ln0      (specloopname     ) [ 000000]
empty                 (speclooptripcount) [ 000000]
tmp_s                 (bitconcatenate   ) [ 000000]
specpipeline_ln0      (specpipeline     ) [ 000000]
zext_ln1273           (zext             ) [ 000000]
add_ln91              (add              ) [ 000000]
zext_ln91             (zext             ) [ 000000]
temp_V_addr           (getelementptr    ) [ 000000]
specloopname_ln90     (specloopname     ) [ 000000]
shl_ln838_s           (bitconcatenate   ) [ 000000]
add_ln1347            (add              ) [ 000000]
trunc_ln818_4         (partselect       ) [ 000000]
store_ln1420          (store            ) [ 000000]
br_ln90               (br               ) [ 000000]
ret_ln0               (ret              ) [ 000000]
</LifeTime>

<model>

<comp_list>
<comp id="0" class="1000" name="K_V">
<pin_list>
<pin id="1" dir="1" index="0" bw="1" slack="0"/>
</pin_list>
<bind>
<StgValue><ssdm name="K_V"/><MemPortTyVec>1 1 </MemPortTyVec>
</StgValue>
</bind>
</comp>

<comp id="2" class="1000" name="temp_V">
<pin_list>
<pin id="3" dir="1" index="0" bw="1" slack="0"/>
</pin_list>
<bind>
<StgValue><ssdm name="temp_V"/><MemPortTyVec>0 3 </MemPortTyVec>
</StgValue>
</bind>
</comp>

<comp id="4" class="1000" name="H">
<pin_list>
<pin id="5" dir="1" index="0" bw="1" slack="0"/>
</pin_list>
<bind>
<StgValue><ssdm name="H"/><MemPortTyVec>1 1 </MemPortTyVec>
</StgValue>
</bind>
</comp>

<comp id="6" class="1001" name="const_6">
<pin_list>
<pin id="7" dir="1" index="0" bw="1" slack="0"/>
</pin_list>
<bind>
<StgValue><ssdm name=""/></StgValue>
</bind>
</comp>

<comp id="8" class="1001" name="const_8">
<pin_list>
<pin id="9" dir="1" index="0" bw="1" slack="0"/>
</pin_list>
<bind>
<StgValue><ssdm name=""/></StgValue>
</bind>
</comp>

<comp id="10" class="1001" name="const_10">
<pin_list>
<pin id="11" dir="1" index="0" bw="1" slack="0"/>
</pin_list>
<bind>
<StgValue><ssdm name=""/></StgValue>
</bind>
</comp>

<comp id="12" class="1001" name="const_12">
<pin_list>
<pin id="13" dir="1" index="0" bw="1" slack="0"/>
</pin_list>
<bind>
<StgValue><ssdm name=""/></StgValue>
</bind>
</comp>

<comp id="14" class="1001" name="const_14">
<pin_list>
<pin id="15" dir="1" index="0" bw="1" slack="2147483647"/>
</pin_list>
<bind>
<StgValue><ssdm name="_ssdm_op_SpecPipeline"/></StgValue>
</bind>
</comp>

<comp id="16" class="1001" name="const_16">
<pin_list>
<pin id="17" dir="1" index="0" bw="1" slack="2147483647"/>
</pin_list>
<bind>
<StgValue><ssdm name=""/></StgValue>
</bind>
</comp>

<comp id="18" class="1001" name="const_18">
<pin_list>
<pin id="19" dir="1" index="0" bw="1" slack="2147483647"/>
</pin_list>
<bind>
<StgValue><ssdm name=""/></StgValue>
</bind>
</comp>

<comp id="20" class="1001" name="const_20">
<pin_list>
<pin id="21" dir="1" index="0" bw="1" slack="2147483647"/>
</pin_list>
<bind>
<StgValue><ssdm name="p_str"/></StgValue>
</bind>
</comp>

<comp id="22" class="1001" name="const_22">
<pin_list>
<pin id="23" dir="1" index="0" bw="1" slack="0"/>
</pin_list>
<bind>
<StgValue><ssdm name=""/></StgValue>
</bind>
</comp>

<comp id="24" class="1001" name="const_24">
<pin_list>
<pin id="25" dir="1" index="0" bw="1" slack="0"/>
</pin_list>
<bind>
<StgValue><ssdm name=""/></StgValue>
</bind>
</comp>

<comp id="26" class="1001" name="const_26">
<pin_list>
<pin id="27" dir="1" index="0" bw="1" slack="0"/>
</pin_list>
<bind>
<StgValue><ssdm name=""/></StgValue>
</bind>
</comp>

<comp id="28" class="1001" name="const_28">
<pin_list>
<pin id="29" dir="1" index="0" bw="1" slack="0"/>
</pin_list>
<bind>
<StgValue><ssdm name=""/></StgValue>
</bind>
</comp>

<comp id="30" class="1001" name="const_30">
<pin_list>
<pin id="31" dir="1" index="0" bw="1" slack="0"/>
</pin_list>
<bind>
<StgValue><ssdm name="_ssdm_op_PartSelect.i32.i48.i32.i32"/></StgValue>
</bind>
</comp>

<comp id="32" class="1001" name="const_32">
<pin_list>
<pin id="33" dir="1" index="0" bw="1" slack="0"/>
</pin_list>
<bind>
<StgValue><ssdm name=""/></StgValue>
</bind>
</comp>

<comp id="34" class="1001" name="const_34">
<pin_list>
<pin id="35" dir="1" index="0" bw="1" slack="0"/>
</pin_list>
<bind>
<StgValue><ssdm name=""/></StgValue>
</bind>
</comp>

<comp id="36" class="1001" name="const_36">
<pin_list>
<pin id="37" dir="1" index="0" bw="1" slack="2147483647"/>
</pin_list>
<bind>
<StgValue><ssdm name="_ssdm_op_SpecLoopName"/></StgValue>
</bind>
</comp>

<comp id="38" class="1001" name="const_38">
<pin_list>
<pin id="39" dir="1" index="0" bw="1" slack="2147483647"/>
</pin_list>
<bind>
<StgValue><ssdm name="VITIS_LOOP_89_19_VITIS_LOOP_90_20_str"/></StgValue>
</bind>
</comp>

<comp id="40" class="1001" name="const_40">
<pin_list>
<pin id="41" dir="1" index="0" bw="1" slack="2147483647"/>
</pin_list>
<bind>
<StgValue><ssdm name="_ssdm_op_SpecLoopTripCount"/></StgValue>
</bind>
</comp>

<comp id="42" class="1001" name="const_42">
<pin_list>
<pin id="43" dir="1" index="0" bw="1" slack="2147483647"/>
</pin_list>
<bind>
<StgValue><ssdm name=""/></StgValue>
</bind>
</comp>

<comp id="44" class="1001" name="const_44">
<pin_list>
<pin id="45" dir="1" index="0" bw="1" slack="0"/>
</pin_list>
<bind>
<StgValue><ssdm name="_ssdm_op_BitConcatenate.i4.i2.i2"/></StgValue>
</bind>
</comp>

<comp id="46" class="1001" name="const_46">
<pin_list>
<pin id="47" dir="1" index="0" bw="1" slack="0"/>
</pin_list>
<bind>
<StgValue><ssdm name=""/></StgValue>
</bind>
</comp>

<comp id="48" class="1001" name="const_48">
<pin_list>
<pin id="49" dir="1" index="0" bw="1" slack="2147483647"/>
</pin_list>
<bind>
<StgValue><ssdm name="empty_3"/></StgValue>
</bind>
</comp>

<comp id="50" class="1001" name="const_50">
<pin_list>
<pin id="51" dir="1" index="0" bw="1" slack="0"/>
</pin_list>
<bind>
<StgValue><ssdm name="_ssdm_op_BitConcatenate.i48.i32.i16"/></StgValue>
</bind>
</comp>

<comp id="52" class="1001" name="const_52">
<pin_list>
<pin id="53" dir="1" index="0" bw="1" slack="0"/>
</pin_list>
<bind>
<StgValue><ssdm name=""/></StgValue>
</bind>
</comp>

<comp id="54" class="1004" name="j_fu_54">
<pin_list>
<pin id="55" dir="0" index="0" bw="1" slack="0"/>
<pin id="56" dir="1" index="1" bw="3" slack="0"/>
</pin_list>
<bind>
<opcode="alloca(26) " fcode="alloca"/>
<opset="j/1 "/>
</bind>
</comp>

<comp id="58" class="1004" name="i_fu_58">
<pin_list>
<pin id="59" dir="0" index="0" bw="1" slack="0"/>
<pin id="60" dir="1" index="1" bw="3" slack="0"/>
</pin_list>
<bind>
<opcode="alloca(26) " fcode="alloca"/>
<opset="i/1 "/>
</bind>
</comp>

<comp id="62" class="1004" name="indvar_flatten45_fu_62">
<pin_list>
<pin id="63" dir="0" index="0" bw="1" slack="0"/>
<pin id="64" dir="1" index="1" bw="5" slack="0"/>
</pin_list>
<bind>
<opcode="alloca(26) " fcode="alloca"/>
<opset="indvar_flatten45/1 "/>
</bind>
</comp>

<comp id="66" class="1004" name="K_V_addr_gep_fu_66">
<pin_list>
<pin id="67" dir="0" index="0" bw="32" slack="0"/>
<pin id="68" dir="0" index="1" bw="1" slack="0"/>
<pin id="69" dir="0" index="2" bw="3" slack="0"/>
<pin id="70" dir="1" index="3" bw="3" slack="0"/>
</pin_list>
<bind>
<opcode="getelementptr(29) " fcode="getelementptr"/>
<opset="K_V_addr/1 "/>
</bind>
</comp>

<comp id="73" class="1004" name="grp_access_fu_73">
<pin_list>
<pin id="74" dir="0" index="0" bw="3" slack="0"/>
<pin id="75" dir="0" index="1" bw="32" slack="2147483647"/>
<pin id="76" dir="0" index="2" bw="0" slack="0"/>
<pin id="78" dir="0" index="4" bw="3" slack="2147483647"/>
<pin id="79" dir="0" index="5" bw="32" slack="2147483647"/>
<pin id="80" dir="0" index="6" bw="0" slack="2147483647"/>
<pin id="77" dir="1" index="3" bw="32" slack="1"/>
<pin id="81" dir="1" index="7" bw="32" slack="1"/>
</pin_list>
<bind>
<opcode="load(27) " fcode="load"/>
<opset="K_V_load/1 K_V_load_1/1 "/>
</bind>
</comp>

<comp id="83" class="1004" name="K_V_addr_1_gep_fu_83">
<pin_list>
<pin id="84" dir="0" index="0" bw="32" slack="0"/>
<pin id="85" dir="0" index="1" bw="1" slack="0"/>
<pin id="86" dir="0" index="2" bw="3" slack="0"/>
<pin id="87" dir="1" index="3" bw="3" slack="0"/>
</pin_list>
<bind>
<opcode="getelementptr(29) " fcode="getelementptr"/>
<opset="K_V_addr_1/1 "/>
</bind>
</comp>

<comp id="91" class="1004" name="H_addr_gep_fu_91">
<pin_list>
<pin id="92" dir="0" index="0" bw="17" slack="0"/>
<pin id="93" dir="0" index="1" bw="1" slack="0"/>
<pin id="94" dir="0" index="2" bw="3" slack="0"/>
<pin id="95" dir="1" index="3" bw="3" slack="0"/>
</pin_list>
<bind>
<opcode="getelementptr(29) " fcode="getelementptr"/>
<opset="H_addr/1 "/>
</bind>
</comp>

<comp id="98" class="1004" name="H_addr_1_gep_fu_98">
<pin_list>
<pin id="99" dir="0" index="0" bw="17" slack="0"/>
<pin id="100" dir="0" index="1" bw="1" slack="0"/>
<pin id="101" dir="0" index="2" bw="3" slack="0"/>
<pin id="102" dir="1" index="3" bw="3" slack="0"/>
</pin_list>
<bind>
<opcode="getelementptr(29) " fcode="getelementptr"/>
<opset="H_addr_1/1 "/>
</bind>
</comp>

<comp id="105" class="1004" name="grp_access_fu_105">
<pin_list>
<pin id="106" dir="0" index="0" bw="3" slack="0"/>
<pin id="107" dir="0" index="1" bw="17" slack="2147483647"/>
<pin id="108" dir="0" index="2" bw="0" slack="0"/>
<pin id="110" dir="0" index="4" bw="3" slack="2147483647"/>
<pin id="111" dir="0" index="5" bw="17" slack="2147483647"/>
<pin id="112" dir="0" index="6" bw="0" slack="2147483647"/>
<pin id="109" dir="1" index="3" bw="17" slack="1"/>
<pin id="113" dir="1" index="7" bw="17" slack="1"/>
</pin_list>
<bind>
<opcode="load(27) " fcode="load"/>
<opset="H_load/1 H_load_1/1 "/>
</bind>
</comp>

<comp id="116" class="1004" name="temp_V_addr_gep_fu_116">
<pin_list>
<pin id="117" dir="0" index="0" bw="32" slack="0"/>
<pin id="118" dir="0" index="1" bw="1" slack="0"/>
<pin id="119" dir="0" index="2" bw="4" slack="0"/>
<pin id="120" dir="1" index="3" bw="4" slack="0"/>
</pin_list>
<bind>
<opcode="getelementptr(29) " fcode="getelementptr"/>
<opset="temp_V_addr/5 "/>
</bind>
</comp>

<comp id="123" class="1004" name="store_ln1420_access_fu_123">
<pin_list>
<pin id="124" dir="0" index="0" bw="4" slack="0"/>
<pin id="125" dir="0" index="1" bw="32" slack="0"/>
<pin id="126" dir="0" index="2" bw="0" slack="2147483647"/>
<pin id="127" dir="1" index="3" bw="32" slack="2147483647"/>
</pin_list>
<bind>
<opcode="store(28) " fcode="store"/>
<opset="store_ln1420/5 "/>
</bind>
</comp>

<comp id="129" class="1004" name="store_ln0_store_fu_129">
<pin_list>
<pin id="130" dir="0" index="0" bw="1" slack="0"/>
<pin id="131" dir="0" index="1" bw="5" slack="0"/>
<pin id="132" dir="1" index="2" bw="0" slack="2147483647"/>
</pin_list>
<bind>
<opcode="store(28) " fcode="store"/>
<opset="store_ln0/1 "/>
</bind>
</comp>

<comp id="134" class="1004" name="store_ln0_store_fu_134">
<pin_list>
<pin id="135" dir="0" index="0" bw="1" slack="0"/>
<pin id="136" dir="0" index="1" bw="3" slack="0"/>
<pin id="137" dir="1" index="2" bw="0" slack="2147483647"/>
</pin_list>
<bind>
<opcode="store(28) " fcode="store"/>
<opset="store_ln0/1 "/>
</bind>
</comp>

<comp id="139" class="1004" name="store_ln0_store_fu_139">
<pin_list>
<pin id="140" dir="0" index="0" bw="1" slack="0"/>
<pin id="141" dir="0" index="1" bw="3" slack="0"/>
<pin id="142" dir="1" index="2" bw="0" slack="2147483647"/>
</pin_list>
<bind>
<opcode="store(28) " fcode="store"/>
<opset="store_ln0/1 "/>
</bind>
</comp>

<comp id="144" class="1004" name="i_1_load_fu_144">
<pin_list>
<pin id="145" dir="0" index="0" bw="3" slack="0"/>
<pin id="146" dir="1" index="1" bw="3" slack="0"/>
</pin_list>
<bind>
<opcode="load(27) " fcode="load"/>
<opset="i_1/1 "/>
</bind>
</comp>

<comp id="147" class="1004" name="indvar_flatten45_load_load_fu_147">
<pin_list>
<pin id="148" dir="0" index="0" bw="5" slack="0"/>
<pin id="149" dir="1" index="1" bw="5" slack="0"/>
</pin_list>
<bind>
<opcode="load(27) " fcode="load"/>
<opset="indvar_flatten45_load/1 "/>
</bind>
</comp>

<comp id="150" class="1004" name="shl_ln1271_fu_150">
<pin_list>
<pin id="151" dir="0" index="0" bw="3" slack="0"/>
<pin id="152" dir="0" index="1" bw="1" slack="0"/>
<pin id="153" dir="1" index="2" bw="3" slack="0"/>
</pin_list>
<bind>
<opcode="shl(20) " fcode="shl"/>
<opset="shl_ln1271/1 "/>
</bind>
</comp>

<comp id="156" class="1004" name="icmp_ln89_fu_156">
<pin_list>
<pin id="157" dir="0" index="0" bw="5" slack="0"/>
<pin id="158" dir="0" index="1" bw="5" slack="0"/>
<pin id="159" dir="1" index="2" bw="1" slack="3"/>
</pin_list>
<bind>
<opcode="icmp(45) " fcode="icmp"/>
<opset="icmp_ln89/1 "/>
</bind>
</comp>

<comp id="162" class="1004" name="add_ln89_1_fu_162">
<pin_list>
<pin id="163" dir="0" index="0" bw="5" slack="0"/>
<pin id="164" dir="0" index="1" bw="1" slack="0"/>
<pin id="165" dir="1" index="2" bw="5" slack="0"/>
</pin_list>
<bind>
<opcode="add(8) " fcode="add"/>
<opset="add_ln89_1/1 "/>
</bind>
</comp>

<comp id="168" class="1004" name="j_load_load_fu_168">
<pin_list>
<pin id="169" dir="0" index="0" bw="3" slack="0"/>
<pin id="170" dir="1" index="1" bw="3" slack="0"/>
</pin_list>
<bind>
<opcode="load(27) " fcode="load"/>
<opset="j_load/1 "/>
</bind>
</comp>

<comp id="171" class="1004" name="add_ln89_fu_171">
<pin_list>
<pin id="172" dir="0" index="0" bw="3" slack="0"/>
<pin id="173" dir="0" index="1" bw="1" slack="0"/>
<pin id="174" dir="1" index="2" bw="3" slack="0"/>
</pin_list>
<bind>
<opcode="add(8) " fcode="add"/>
<opset="add_ln89/1 "/>
</bind>
</comp>

<comp id="177" class="1004" name="icmp_ln90_fu_177">
<pin_list>
<pin id="178" dir="0" index="0" bw="3" slack="0"/>
<pin id="179" dir="0" index="1" bw="3" slack="0"/>
<pin id="180" dir="1" index="2" bw="1" slack="0"/>
</pin_list>
<bind>
<opcode="icmp(45) " fcode="icmp"/>
<opset="icmp_ln90/1 "/>
</bind>
</comp>

<comp id="183" class="1004" name="select_ln89_fu_183">
<pin_list>
<pin id="184" dir="0" index="0" bw="1" slack="0"/>
<pin id="185" dir="0" index="1" bw="1" slack="0"/>
<pin id="186" dir="0" index="2" bw="3" slack="0"/>
<pin id="187" dir="1" index="3" bw="3" slack="0"/>
</pin_list>
<bind>
<opcode="select(49) " fcode="select"/>
<opset="select_ln89/1 "/>
</bind>
</comp>

<comp id="191" class="1004" name="shl_ln1271_1_fu_191">
<pin_list>
<pin id="192" dir="0" index="0" bw="3" slack="0"/>
<pin id="193" dir="0" index="1" bw="1" slack="0"/>
<pin id="194" dir="1" index="2" bw="3" slack="0"/>
</pin_list>
<bind>
<opcode="shl(20) " fcode="shl"/>
<opset="shl_ln1271_1/1 "/>
</bind>
</comp>

<comp id="197" class="1004" name="select_ln89_1_fu_197">
<pin_list>
<pin id="198" dir="0" index="0" bw="1" slack="0"/>
<pin id="199" dir="0" index="1" bw="3" slack="0"/>
<pin id="200" dir="0" index="2" bw="3" slack="0"/>
<pin id="201" dir="1" index="3" bw="3" slack="0"/>
</pin_list>
<bind>
<opcode="select(49) " fcode="select"/>
<opset="select_ln89_1/1 "/>
</bind>
</comp>

<comp id="205" class="1004" name="trunc_ln91_fu_205">
<pin_list>
<pin id="206" dir="0" index="0" bw="3" slack="0"/>
<pin id="207" dir="1" index="1" bw="2" slack="4"/>
</pin_list>
<bind>
<opcode="trunc(33) " fcode="trunc"/>
<opset="trunc_ln91/1 "/>
</bind>
</comp>

<comp id="209" class="1004" name="select_ln89_2_fu_209">
<pin_list>
<pin id="210" dir="0" index="0" bw="1" slack="0"/>
<pin id="211" dir="0" index="1" bw="3" slack="0"/>
<pin id="212" dir="0" index="2" bw="3" slack="0"/>
<pin id="213" dir="1" index="3" bw="3" slack="0"/>
</pin_list>
<bind>
<opcode="select(49) " fcode="select"/>
<opset="select_ln89_2/1 "/>
</bind>
</comp>

<comp id="217" class="1004" name="zext_ln89_fu_217">
<pin_list>
<pin id="218" dir="0" index="0" bw="3" slack="0"/>
<pin id="219" dir="1" index="1" bw="64" slack="0"/>
</pin_list>
<bind>
<opcode="zext(34) " fcode="zext"/>
<opset="zext_ln89/1 "/>
</bind>
</comp>

<comp id="222" class="1004" name="select_ln89_4_fu_222">
<pin_list>
<pin id="223" dir="0" index="0" bw="1" slack="0"/>
<pin id="224" dir="0" index="1" bw="3" slack="0"/>
<pin id="225" dir="0" index="2" bw="3" slack="0"/>
<pin id="226" dir="1" index="3" bw="3" slack="0"/>
</pin_list>
<bind>
<opcode="select(49) " fcode="select"/>
<opset="select_ln89_4/1 "/>
</bind>
</comp>

<comp id="230" class="1004" name="or_ln89_fu_230">
<pin_list>
<pin id="231" dir="0" index="0" bw="3" slack="0"/>
<pin id="232" dir="0" index="1" bw="1" slack="0"/>
<pin id="233" dir="1" index="2" bw="3" slack="0"/>
</pin_list>
<bind>
<opcode="or(24) " fcode="or"/>
<opset="or_ln89/1 "/>
</bind>
</comp>

<comp id="236" class="1004" name="zext_ln1271_fu_236">
<pin_list>
<pin id="237" dir="0" index="0" bw="3" slack="0"/>
<pin id="238" dir="1" index="1" bw="64" slack="0"/>
</pin_list>
<bind>
<opcode="zext(34) " fcode="zext"/>
<opset="zext_ln1271/1 "/>
</bind>
</comp>

<comp id="241" class="1004" name="j_4_cast_fu_241">
<pin_list>
<pin id="242" dir="0" index="0" bw="3" slack="0"/>
<pin id="243" dir="1" index="1" bw="64" slack="0"/>
</pin_list>
<bind>
<opcode="zext(34) " fcode="zext"/>
<opset="j_4_cast/1 "/>
</bind>
</comp>

<comp id="246" class="1004" name="xor_ln1273_fu_246">
<pin_list>
<pin id="247" dir="0" index="0" bw="3" slack="0"/>
<pin id="248" dir="0" index="1" bw="3" slack="0"/>
<pin id="249" dir="1" index="2" bw="3" slack="0"/>
</pin_list>
<bind>
<opcode="xor(25) " fcode="xor"/>
<opset="xor_ln1273/1 "/>
</bind>
</comp>

<comp id="252" class="1004" name="zext_ln1273_1_fu_252">
<pin_list>
<pin id="253" dir="0" index="0" bw="3" slack="0"/>
<pin id="254" dir="1" index="1" bw="64" slack="0"/>
</pin_list>
<bind>
<opcode="zext(34) " fcode="zext"/>
<opset="zext_ln1273_1/1 "/>
</bind>
</comp>

<comp id="257" class="1004" name="add_ln90_fu_257">
<pin_list>
<pin id="258" dir="0" index="0" bw="3" slack="0"/>
<pin id="259" dir="0" index="1" bw="1" slack="0"/>
<pin id="260" dir="1" index="2" bw="3" slack="0"/>
</pin_list>
<bind>
<opcode="add(8) " fcode="add"/>
<opset="add_ln90/1 "/>
</bind>
</comp>

<comp id="263" class="1004" name="store_ln90_store_fu_263">
<pin_list>
<pin id="264" dir="0" index="0" bw="5" slack="0"/>
<pin id="265" dir="0" index="1" bw="5" slack="0"/>
<pin id="266" dir="1" index="2" bw="0" slack="2147483647"/>
</pin_list>
<bind>
<opcode="store(28) " fcode="store"/>
<opset="store_ln90/1 "/>
</bind>
</comp>

<comp id="268" class="1004" name="store_ln90_store_fu_268">
<pin_list>
<pin id="269" dir="0" index="0" bw="3" slack="0"/>
<pin id="270" dir="0" index="1" bw="3" slack="0"/>
<pin id="271" dir="1" index="2" bw="0" slack="2147483647"/>
</pin_list>
<bind>
<opcode="store(28) " fcode="store"/>
<opset="store_ln90/1 "/>
</bind>
</comp>

<comp id="273" class="1004" name="store_ln90_store_fu_273">
<pin_list>
<pin id="274" dir="0" index="0" bw="3" slack="0"/>
<pin id="275" dir="0" index="1" bw="3" slack="0"/>
<pin id="276" dir="1" index="2" bw="0" slack="2147483647"/>
</pin_list>
<bind>
<opcode="store(28) " fcode="store"/>
<opset="store_ln90/1 "/>
</bind>
</comp>

<comp id="278" class="1004" name="sext_ln89_fu_278">
<pin_list>
<pin id="279" dir="0" index="0" bw="32" slack="1"/>
<pin id="280" dir="1" index="1" bw="48" slack="0"/>
</pin_list>
<bind>
<opcode="sext(35) " fcode="sext"/>
<opset="sext_ln89/3 "/>
</bind>
</comp>

<comp id="281" class="1004" name="sext_ln89_1_fu_281">
<pin_list>
<pin id="282" dir="0" index="0" bw="32" slack="1"/>
<pin id="283" dir="1" index="1" bw="48" slack="0"/>
</pin_list>
<bind>
<opcode="sext(35) " fcode="sext"/>
<opset="sext_ln89_1/3 "/>
</bind>
</comp>

<comp id="284" class="1004" name="zext_ln818_fu_284">
<pin_list>
<pin id="285" dir="0" index="0" bw="17" slack="1"/>
<pin id="286" dir="1" index="1" bw="48" slack="0"/>
</pin_list>
<bind>
<opcode="zext(34) " fcode="zext"/>
<opset="zext_ln818/3 "/>
</bind>
</comp>

<comp id="287" class="1004" name="grp_fu_287">
<pin_list>
<pin id="288" dir="0" index="0" bw="17" slack="0"/>
<pin id="289" dir="0" index="1" bw="32" slack="0"/>
<pin id="290" dir="1" index="2" bw="48" slack="0"/>
</pin_list>
<bind>
<opcode="mul(12) " fcode="mul"/>
<opset="mul_ln818/3 "/>
</bind>
</comp>

<comp id="293" class="1004" name="zext_ln1347_fu_293">
<pin_list>
<pin id="294" dir="0" index="0" bw="17" slack="1"/>
<pin id="295" dir="1" index="1" bw="48" slack="0"/>
</pin_list>
<bind>
<opcode="zext(34) " fcode="zext"/>
<opset="zext_ln1347/3 "/>
</bind>
</comp>

<comp id="296" class="1004" name="grp_fu_296">
<pin_list>
<pin id="297" dir="0" index="0" bw="17" slack="0"/>
<pin id="298" dir="0" index="1" bw="32" slack="0"/>
<pin id="299" dir="1" index="2" bw="48" slack="1"/>
</pin_list>
<bind>
<opcode="mul(12) " fcode="mul"/>
<opset="mul_ln1347/3 "/>
</bind>
</comp>

<comp id="302" class="1004" name="tmp_1_fu_302">
<pin_list>
<pin id="303" dir="0" index="0" bw="32" slack="0"/>
<pin id="304" dir="0" index="1" bw="48" slack="0"/>
<pin id="305" dir="0" index="2" bw="6" slack="0"/>
<pin id="306" dir="0" index="3" bw="7" slack="0"/>
<pin id="307" dir="1" index="4" bw="32" slack="1"/>
</pin_list>
<bind>
<opcode="partselect(1002) " fcode="partselect"/>
<opset="tmp_1/4 "/>
</bind>
</comp>

<comp id="312" class="1004" name="tmp_s_fu_312">
<pin_list>
<pin id="313" dir="0" index="0" bw="4" slack="0"/>
<pin id="314" dir="0" index="1" bw="2" slack="4"/>
<pin id="315" dir="0" index="2" bw="1" slack="0"/>
<pin id="316" dir="1" index="3" bw="4" slack="0"/>
</pin_list>
<bind>
<opcode="bitconcatenate(1004) " fcode="bitconcatenate"/>
<opset="tmp_s/5 "/>
</bind>
</comp>

<comp id="319" class="1004" name="zext_ln1273_fu_319">
<pin_list>
<pin id="320" dir="0" index="0" bw="3" slack="4"/>
<pin id="321" dir="1" index="1" bw="4" slack="0"/>
</pin_list>
<bind>
<opcode="zext(34) " fcode="zext"/>
<opset="zext_ln1273/5 "/>
</bind>
</comp>

<comp id="322" class="1004" name="add_ln91_fu_322">
<pin_list>
<pin id="323" dir="0" index="0" bw="4" slack="0"/>
<pin id="324" dir="0" index="1" bw="3" slack="0"/>
<pin id="325" dir="1" index="2" bw="4" slack="0"/>
</pin_list>
<bind>
<opcode="add(8) " fcode="add"/>
<opset="add_ln91/5 "/>
</bind>
</comp>

<comp id="328" class="1004" name="zext_ln91_fu_328">
<pin_list>
<pin id="329" dir="0" index="0" bw="4" slack="0"/>
<pin id="330" dir="1" index="1" bw="64" slack="0"/>
</pin_list>
<bind>
<opcode="zext(34) " fcode="zext"/>
<opset="zext_ln91/5 "/>
</bind>
</comp>

<comp id="333" class="1004" name="shl_ln838_s_fu_333">
<pin_list>
<pin id="334" dir="0" index="0" bw="48" slack="0"/>
<pin id="335" dir="0" index="1" bw="32" slack="1"/>
<pin id="336" dir="0" index="2" bw="1" slack="0"/>
<pin id="337" dir="1" index="3" bw="48" slack="0"/>
</pin_list>
<bind>
<opcode="bitconcatenate(1004) " fcode="bitconcatenate"/>
<opset="shl_ln838_s/5 "/>
</bind>
</comp>

<comp id="340" class="1004" name="add_ln1347_fu_340">
<pin_list>
<pin id="341" dir="0" index="0" bw="48" slack="0"/>
<pin id="342" dir="0" index="1" bw="48" slack="1"/>
<pin id="343" dir="1" index="2" bw="48" slack="0"/>
</pin_list>
<bind>
<opcode="add(8) " fcode="add"/>
<opset="add_ln1347/5 "/>
</bind>
</comp>

<comp id="345" class="1004" name="trunc_ln818_4_fu_345">
<pin_list>
<pin id="346" dir="0" index="0" bw="32" slack="0"/>
<pin id="347" dir="0" index="1" bw="48" slack="0"/>
<pin id="348" dir="0" index="2" bw="6" slack="0"/>
<pin id="349" dir="0" index="3" bw="7" slack="0"/>
<pin id="350" dir="1" index="4" bw="32" slack="0"/>
</pin_list>
<bind>
<opcode="partselect(1002) " fcode="partselect"/>
<opset="trunc_ln818_4/5 "/>
</bind>
</comp>

<comp id="356" class="1005" name="j_reg_356">
<pin_list>
<pin id="357" dir="0" index="0" bw="3" slack="0"/>
<pin id="358" dir="1" index="1" bw="3" slack="0"/>
</pin_list>
<bind>
<opset="j "/>
</bind>
</comp>

<comp id="363" class="1005" name="i_reg_363">
<pin_list>
<pin id="364" dir="0" index="0" bw="3" slack="0"/>
<pin id="365" dir="1" index="1" bw="3" slack="0"/>
</pin_list>
<bind>
<opset="i "/>
</bind>
</comp>

<comp id="370" class="1005" name="indvar_flatten45_reg_370">
<pin_list>
<pin id="371" dir="0" index="0" bw="5" slack="0"/>
<pin id="372" dir="1" index="1" bw="5" slack="0"/>
</pin_list>
<bind>
<opset="indvar_flatten45 "/>
</bind>
</comp>

<comp id="377" class="1005" name="icmp_ln89_reg_377">
<pin_list>
<pin id="378" dir="0" index="0" bw="1" slack="3"/>
<pin id="379" dir="1" index="1" bw="1" slack="2147483647"/>
</pin_list>
<bind>
<opset="icmp_ln89 "/>
</bind>
</comp>

<comp id="381" class="1005" name="select_ln89_reg_381">
<pin_list>
<pin id="382" dir="0" index="0" bw="3" slack="4"/>
<pin id="383" dir="1" index="1" bw="3" slack="4"/>
</pin_list>
<bind>
<opset="select_ln89 "/>
</bind>
</comp>

<comp id="386" class="1005" name="trunc_ln91_reg_386">
<pin_list>
<pin id="387" dir="0" index="0" bw="2" slack="4"/>
<pin id="388" dir="1" index="1" bw="2" slack="4"/>
</pin_list>
<bind>
<opset="trunc_ln91 "/>
</bind>
</comp>

<comp id="391" class="1005" name="K_V_addr_reg_391">
<pin_list>
<pin id="392" dir="0" index="0" bw="3" slack="1"/>
<pin id="393" dir="1" index="1" bw="3" slack="1"/>
</pin_list>
<bind>
<opset="K_V_addr "/>
</bind>
</comp>

<comp id="396" class="1005" name="K_V_addr_1_reg_396">
<pin_list>
<pin id="397" dir="0" index="0" bw="3" slack="1"/>
<pin id="398" dir="1" index="1" bw="3" slack="1"/>
</pin_list>
<bind>
<opset="K_V_addr_1 "/>
</bind>
</comp>

<comp id="401" class="1005" name="H_addr_reg_401">
<pin_list>
<pin id="402" dir="0" index="0" bw="3" slack="1"/>
<pin id="403" dir="1" index="1" bw="3" slack="1"/>
</pin_list>
<bind>
<opset="H_addr "/>
</bind>
</comp>

<comp id="406" class="1005" name="H_addr_1_reg_406">
<pin_list>
<pin id="407" dir="0" index="0" bw="3" slack="1"/>
<pin id="408" dir="1" index="1" bw="3" slack="1"/>
</pin_list>
<bind>
<opset="H_addr_1 "/>
</bind>
</comp>

<comp id="411" class="1005" name="K_V_load_reg_411">
<pin_list>
<pin id="412" dir="0" index="0" bw="32" slack="1"/>
<pin id="413" dir="1" index="1" bw="32" slack="1"/>
</pin_list>
<bind>
<opset="K_V_load "/>
</bind>
</comp>

<comp id="416" class="1005" name="K_V_load_1_reg_416">
<pin_list>
<pin id="417" dir="0" index="0" bw="32" slack="1"/>
<pin id="418" dir="1" index="1" bw="32" slack="1"/>
</pin_list>
<bind>
<opset="K_V_load_1 "/>
</bind>
</comp>

<comp id="421" class="1005" name="H_load_reg_421">
<pin_list>
<pin id="422" dir="0" index="0" bw="17" slack="1"/>
<pin id="423" dir="1" index="1" bw="17" slack="1"/>
</pin_list>
<bind>
<opset="H_load "/>
</bind>
</comp>

<comp id="426" class="1005" name="H_load_1_reg_426">
<pin_list>
<pin id="427" dir="0" index="0" bw="17" slack="1"/>
<pin id="428" dir="1" index="1" bw="17" slack="1"/>
</pin_list>
<bind>
<opset="H_load_1 "/>
</bind>
</comp>

<comp id="431" class="1005" name="sext_ln89_reg_431">
<pin_list>
<pin id="432" dir="0" index="0" bw="48" slack="1"/>
<pin id="433" dir="1" index="1" bw="48" slack="1"/>
</pin_list>
<bind>
<opset="sext_ln89 "/>
</bind>
</comp>

<comp id="436" class="1005" name="sext_ln89_1_reg_436">
<pin_list>
<pin id="437" dir="0" index="0" bw="48" slack="1"/>
<pin id="438" dir="1" index="1" bw="48" slack="1"/>
</pin_list>
<bind>
<opset="sext_ln89_1 "/>
</bind>
</comp>

<comp id="441" class="1005" name="zext_ln818_reg_441">
<pin_list>
<pin id="442" dir="0" index="0" bw="48" slack="1"/>
<pin id="443" dir="1" index="1" bw="48" slack="1"/>
</pin_list>
<bind>
<opset="zext_ln818 "/>
</bind>
</comp>

<comp id="446" class="1005" name="zext_ln1347_reg_446">
<pin_list>
<pin id="447" dir="0" index="0" bw="48" slack="1"/>
<pin id="448" dir="1" index="1" bw="48" slack="1"/>
</pin_list>
<bind>
<opset="zext_ln1347 "/>
</bind>
</comp>

<comp id="451" class="1005" name="mul_ln1347_reg_451">
<pin_list>
<pin id="452" dir="0" index="0" bw="48" slack="1"/>
<pin id="453" dir="1" index="1" bw="48" slack="1"/>
</pin_list>
<bind>
<opset="mul_ln1347 "/>
</bind>
</comp>

<comp id="456" class="1005" name="tmp_1_reg_456">
<pin_list>
<pin id="457" dir="0" index="0" bw="32" slack="1"/>
<pin id="458" dir="1" index="1" bw="32" slack="1"/>
</pin_list>
<bind>
<opset="tmp_1 "/>
</bind>
</comp>

</comp_list>

<net_list>
<net id="57"><net_src comp="6" pin="0"/><net_sink comp="54" pin=0"/></net>

<net id="61"><net_src comp="6" pin="0"/><net_sink comp="58" pin=0"/></net>

<net id="65"><net_src comp="6" pin="0"/><net_sink comp="62" pin=0"/></net>

<net id="71"><net_src comp="0" pin="0"/><net_sink comp="66" pin=0"/></net>

<net id="72"><net_src comp="28" pin="0"/><net_sink comp="66" pin=1"/></net>

<net id="82"><net_src comp="66" pin="3"/><net_sink comp="73" pin=2"/></net>

<net id="88"><net_src comp="0" pin="0"/><net_sink comp="83" pin=0"/></net>

<net id="89"><net_src comp="28" pin="0"/><net_sink comp="83" pin=1"/></net>

<net id="90"><net_src comp="83" pin="3"/><net_sink comp="73" pin=0"/></net>

<net id="96"><net_src comp="4" pin="0"/><net_sink comp="91" pin=0"/></net>

<net id="97"><net_src comp="28" pin="0"/><net_sink comp="91" pin=1"/></net>

<net id="103"><net_src comp="4" pin="0"/><net_sink comp="98" pin=0"/></net>

<net id="104"><net_src comp="28" pin="0"/><net_sink comp="98" pin=1"/></net>

<net id="114"><net_src comp="91" pin="3"/><net_sink comp="105" pin=2"/></net>

<net id="115"><net_src comp="98" pin="3"/><net_sink comp="105" pin=0"/></net>

<net id="121"><net_src comp="2" pin="0"/><net_sink comp="116" pin=0"/></net>

<net id="122"><net_src comp="28" pin="0"/><net_sink comp="116" pin=1"/></net>

<net id="128"><net_src comp="116" pin="3"/><net_sink comp="123" pin=0"/></net>

<net id="133"><net_src comp="8" pin="0"/><net_sink comp="129" pin=0"/></net>

<net id="138"><net_src comp="10" pin="0"/><net_sink comp="134" pin=0"/></net>

<net id="143"><net_src comp="10" pin="0"/><net_sink comp="139" pin=0"/></net>

<net id="154"><net_src comp="144" pin="1"/><net_sink comp="150" pin=0"/></net>

<net id="155"><net_src comp="12" pin="0"/><net_sink comp="150" pin=1"/></net>

<net id="160"><net_src comp="147" pin="1"/><net_sink comp="156" pin=0"/></net>

<net id="161"><net_src comp="22" pin="0"/><net_sink comp="156" pin=1"/></net>

<net id="166"><net_src comp="147" pin="1"/><net_sink comp="162" pin=0"/></net>

<net id="167"><net_src comp="24" pin="0"/><net_sink comp="162" pin=1"/></net>

<net id="175"><net_src comp="144" pin="1"/><net_sink comp="171" pin=0"/></net>

<net id="176"><net_src comp="12" pin="0"/><net_sink comp="171" pin=1"/></net>

<net id="181"><net_src comp="168" pin="1"/><net_sink comp="177" pin=0"/></net>

<net id="182"><net_src comp="26" pin="0"/><net_sink comp="177" pin=1"/></net>

<net id="188"><net_src comp="177" pin="2"/><net_sink comp="183" pin=0"/></net>

<net id="189"><net_src comp="10" pin="0"/><net_sink comp="183" pin=1"/></net>

<net id="190"><net_src comp="168" pin="1"/><net_sink comp="183" pin=2"/></net>

<net id="195"><net_src comp="171" pin="2"/><net_sink comp="191" pin=0"/></net>

<net id="196"><net_src comp="12" pin="0"/><net_sink comp="191" pin=1"/></net>

<net id="202"><net_src comp="177" pin="2"/><net_sink comp="197" pin=0"/></net>

<net id="203"><net_src comp="171" pin="2"/><net_sink comp="197" pin=1"/></net>

<net id="204"><net_src comp="144" pin="1"/><net_sink comp="197" pin=2"/></net>

<net id="208"><net_src comp="197" pin="3"/><net_sink comp="205" pin=0"/></net>

<net id="214"><net_src comp="177" pin="2"/><net_sink comp="209" pin=0"/></net>

<net id="215"><net_src comp="191" pin="2"/><net_sink comp="209" pin=1"/></net>

<net id="216"><net_src comp="150" pin="2"/><net_sink comp="209" pin=2"/></net>

<net id="220"><net_src comp="209" pin="3"/><net_sink comp="217" pin=0"/></net>

<net id="221"><net_src comp="217" pin="1"/><net_sink comp="66" pin=2"/></net>

<net id="227"><net_src comp="177" pin="2"/><net_sink comp="222" pin=0"/></net>

<net id="228"><net_src comp="191" pin="2"/><net_sink comp="222" pin=1"/></net>

<net id="229"><net_src comp="150" pin="2"/><net_sink comp="222" pin=2"/></net>

<net id="234"><net_src comp="222" pin="3"/><net_sink comp="230" pin=0"/></net>

<net id="235"><net_src comp="12" pin="0"/><net_sink comp="230" pin=1"/></net>

<net id="239"><net_src comp="230" pin="2"/><net_sink comp="236" pin=0"/></net>

<net id="240"><net_src comp="236" pin="1"/><net_sink comp="83" pin=2"/></net>

<net id="244"><net_src comp="183" pin="3"/><net_sink comp="241" pin=0"/></net>

<net id="245"><net_src comp="241" pin="1"/><net_sink comp="91" pin=2"/></net>

<net id="250"><net_src comp="183" pin="3"/><net_sink comp="246" pin=0"/></net>

<net id="251"><net_src comp="26" pin="0"/><net_sink comp="246" pin=1"/></net>

<net id="255"><net_src comp="246" pin="2"/><net_sink comp="252" pin=0"/></net>

<net id="256"><net_src comp="252" pin="1"/><net_sink comp="98" pin=2"/></net>

<net id="261"><net_src comp="183" pin="3"/><net_sink comp="257" pin=0"/></net>

<net id="262"><net_src comp="12" pin="0"/><net_sink comp="257" pin=1"/></net>

<net id="267"><net_src comp="162" pin="2"/><net_sink comp="263" pin=0"/></net>

<net id="272"><net_src comp="197" pin="3"/><net_sink comp="268" pin=0"/></net>

<net id="277"><net_src comp="257" pin="2"/><net_sink comp="273" pin=0"/></net>

<net id="291"><net_src comp="284" pin="1"/><net_sink comp="287" pin=0"/></net>

<net id="292"><net_src comp="278" pin="1"/><net_sink comp="287" pin=1"/></net>

<net id="300"><net_src comp="293" pin="1"/><net_sink comp="296" pin=0"/></net>

<net id="301"><net_src comp="281" pin="1"/><net_sink comp="296" pin=1"/></net>

<net id="308"><net_src comp="30" pin="0"/><net_sink comp="302" pin=0"/></net>

<net id="309"><net_src comp="287" pin="2"/><net_sink comp="302" pin=1"/></net>

<net id="310"><net_src comp="32" pin="0"/><net_sink comp="302" pin=2"/></net>

<net id="311"><net_src comp="34" pin="0"/><net_sink comp="302" pin=3"/></net>

<net id="317"><net_src comp="44" pin="0"/><net_sink comp="312" pin=0"/></net>

<net id="318"><net_src comp="46" pin="0"/><net_sink comp="312" pin=2"/></net>

<net id="326"><net_src comp="312" pin="3"/><net_sink comp="322" pin=0"/></net>

<net id="327"><net_src comp="319" pin="1"/><net_sink comp="322" pin=1"/></net>

<net id="331"><net_src comp="322" pin="2"/><net_sink comp="328" pin=0"/></net>

<net id="332"><net_src comp="328" pin="1"/><net_sink comp="116" pin=2"/></net>

<net id="338"><net_src comp="50" pin="0"/><net_sink comp="333" pin=0"/></net>

<net id="339"><net_src comp="52" pin="0"/><net_sink comp="333" pin=2"/></net>

<net id="344"><net_src comp="333" pin="3"/><net_sink comp="340" pin=0"/></net>

<net id="351"><net_src comp="30" pin="0"/><net_sink comp="345" pin=0"/></net>

<net id="352"><net_src comp="340" pin="2"/><net_sink comp="345" pin=1"/></net>

<net id="353"><net_src comp="32" pin="0"/><net_sink comp="345" pin=2"/></net>

<net id="354"><net_src comp="34" pin="0"/><net_sink comp="345" pin=3"/></net>

<net id="355"><net_src comp="345" pin="4"/><net_sink comp="123" pin=1"/></net>

<net id="359"><net_src comp="54" pin="1"/><net_sink comp="356" pin=0"/></net>

<net id="360"><net_src comp="356" pin="1"/><net_sink comp="139" pin=1"/></net>

<net id="361"><net_src comp="356" pin="1"/><net_sink comp="168" pin=0"/></net>

<net id="362"><net_src comp="356" pin="1"/><net_sink comp="273" pin=1"/></net>

<net id="366"><net_src comp="58" pin="1"/><net_sink comp="363" pin=0"/></net>

<net id="367"><net_src comp="363" pin="1"/><net_sink comp="134" pin=1"/></net>

<net id="368"><net_src comp="363" pin="1"/><net_sink comp="144" pin=0"/></net>

<net id="369"><net_src comp="363" pin="1"/><net_sink comp="268" pin=1"/></net>

<net id="373"><net_src comp="62" pin="1"/><net_sink comp="370" pin=0"/></net>

<net id="374"><net_src comp="370" pin="1"/><net_sink comp="129" pin=1"/></net>

<net id="375"><net_src comp="370" pin="1"/><net_sink comp="147" pin=0"/></net>

<net id="376"><net_src comp="370" pin="1"/><net_sink comp="263" pin=1"/></net>

<net id="380"><net_src comp="156" pin="2"/><net_sink comp="377" pin=0"/></net>

<net id="384"><net_src comp="183" pin="3"/><net_sink comp="381" pin=0"/></net>

<net id="385"><net_src comp="381" pin="1"/><net_sink comp="319" pin=0"/></net>

<net id="389"><net_src comp="205" pin="1"/><net_sink comp="386" pin=0"/></net>

<net id="390"><net_src comp="386" pin="1"/><net_sink comp="312" pin=1"/></net>

<net id="394"><net_src comp="66" pin="3"/><net_sink comp="391" pin=0"/></net>

<net id="395"><net_src comp="391" pin="1"/><net_sink comp="73" pin=2"/></net>

<net id="399"><net_src comp="83" pin="3"/><net_sink comp="396" pin=0"/></net>

<net id="400"><net_src comp="396" pin="1"/><net_sink comp="73" pin=0"/></net>

<net id="404"><net_src comp="91" pin="3"/><net_sink comp="401" pin=0"/></net>

<net id="405"><net_src comp="401" pin="1"/><net_sink comp="105" pin=2"/></net>

<net id="409"><net_src comp="98" pin="3"/><net_sink comp="406" pin=0"/></net>

<net id="410"><net_src comp="406" pin="1"/><net_sink comp="105" pin=0"/></net>

<net id="414"><net_src comp="73" pin="7"/><net_sink comp="411" pin=0"/></net>

<net id="415"><net_src comp="411" pin="1"/><net_sink comp="278" pin=0"/></net>

<net id="419"><net_src comp="73" pin="3"/><net_sink comp="416" pin=0"/></net>

<net id="420"><net_src comp="416" pin="1"/><net_sink comp="281" pin=0"/></net>

<net id="424"><net_src comp="105" pin="7"/><net_sink comp="421" pin=0"/></net>

<net id="425"><net_src comp="421" pin="1"/><net_sink comp="284" pin=0"/></net>

<net id="429"><net_src comp="105" pin="3"/><net_sink comp="426" pin=0"/></net>

<net id="430"><net_src comp="426" pin="1"/><net_sink comp="293" pin=0"/></net>

<net id="434"><net_src comp="278" pin="1"/><net_sink comp="431" pin=0"/></net>

<net id="435"><net_src comp="431" pin="1"/><net_sink comp="287" pin=1"/></net>

<net id="439"><net_src comp="281" pin="1"/><net_sink comp="436" pin=0"/></net>

<net id="440"><net_src comp="436" pin="1"/><net_sink comp="296" pin=1"/></net>

<net id="444"><net_src comp="284" pin="1"/><net_sink comp="441" pin=0"/></net>

<net id="445"><net_src comp="441" pin="1"/><net_sink comp="287" pin=0"/></net>

<net id="449"><net_src comp="293" pin="1"/><net_sink comp="446" pin=0"/></net>

<net id="450"><net_src comp="446" pin="1"/><net_sink comp="296" pin=0"/></net>

<net id="454"><net_src comp="296" pin="2"/><net_sink comp="451" pin=0"/></net>

<net id="455"><net_src comp="451" pin="1"/><net_sink comp="340" pin=1"/></net>

<net id="459"><net_src comp="302" pin="4"/><net_sink comp="456" pin=0"/></net>

<net id="460"><net_src comp="456" pin="1"/><net_sink comp="333" pin=1"/></net>

</net_list>

</model> 
---------------- Datapath Model END ------------------

* FSMD analyzer results:
  - Output states:
	Port: temp_V | {5 }
 - Input state : 
	Port: kalman_filter_top_Pipeline_VITIS_LOOP_89_19_VITIS_LOOP_90_20 : K_V | {1 2 }
	Port: kalman_filter_top_Pipeline_VITIS_LOOP_89_19_VITIS_LOOP_90_20 : H | {1 2 }
  - Chain level:
	State 1
		store_ln0 : 1
		store_ln0 : 1
		store_ln0 : 1
		i_1 : 1
		indvar_flatten45_load : 1
		shl_ln1271 : 2
		icmp_ln89 : 2
		add_ln89_1 : 2
		br_ln89 : 3
		j_load : 1
		add_ln89 : 2
		icmp_ln90 : 2
		select_ln89 : 3
		shl_ln1271_1 : 3
		select_ln89_1 : 3
		trunc_ln91 : 4
		select_ln89_2 : 3
		zext_ln89 : 4
		K_V_addr : 5
		K_V_load : 6
		select_ln89_4 : 3
		or_ln89 : 4
		zext_ln1271 : 4
		K_V_addr_1 : 5
		K_V_load_1 : 6
		j_4_cast : 4
		H_addr : 5
		xor_ln1273 : 4
		zext_ln1273_1 : 4
		H_addr_1 : 5
		H_load : 6
		H_load_1 : 6
		add_ln90 : 4
		store_ln90 : 3
		store_ln90 : 4
		store_ln90 : 5
	State 2
	State 3
		mul_ln818 : 1
		mul_ln1347 : 1
	State 4
		tmp_1 : 1
	State 5
		add_ln91 : 1
		zext_ln91 : 2
		temp_V_addr : 3
		add_ln1347 : 1
		trunc_ln818_4 : 2
		store_ln1420 : 4


============================================================
+ Verbose Summary: Datapath Resource usage 
============================================================

* Functional unit list:
|----------|----------------------|---------|---------|---------|
| Operation|    Functional Unit   |   DSP   |    FF   |   LUT   |
|----------|----------------------|---------|---------|---------|
|    mul   |      grp_fu_287      |    2    |   165   |    50   |
|          |      grp_fu_296      |    2    |   165   |    50   |
|----------|----------------------|---------|---------|---------|
|          |   add_ln89_1_fu_162  |    0    |    0    |    13   |
|          |    add_ln89_fu_171   |    0    |    0    |    11   |
|    add   |    add_ln90_fu_257   |    0    |    0    |    11   |
|          |    add_ln91_fu_322   |    0    |    0    |    13   |
|          |   add_ln1347_fu_340  |    0    |    0    |    55   |
|----------|----------------------|---------|---------|---------|
|   icmp   |   icmp_ln89_fu_156   |    0    |    0    |    9    |
|          |   icmp_ln90_fu_177   |    0    |    0    |    8    |
|----------|----------------------|---------|---------|---------|
|          |  select_ln89_fu_183  |    0    |    0    |    3    |
|  select  | select_ln89_1_fu_197 |    0    |    0    |    3    |
|          | select_ln89_2_fu_209 |    0    |    0    |    3    |
|          | select_ln89_4_fu_222 |    0    |    0    |    3    |
|----------|----------------------|---------|---------|---------|
|    xor   |   xor_ln1273_fu_246  |    0    |    0    |    3    |
|----------|----------------------|---------|---------|---------|
|    shl   |   shl_ln1271_fu_150  |    0    |    0    |    0    |
|          |  shl_ln1271_1_fu_191 |    0    |    0    |    0    |
|----------|----------------------|---------|---------|---------|
|   trunc  |   trunc_ln91_fu_205  |    0    |    0    |    0    |
|----------|----------------------|---------|---------|---------|
|          |   zext_ln89_fu_217   |    0    |    0    |    0    |
|          |  zext_ln1271_fu_236  |    0    |    0    |    0    |
|          |    j_4_cast_fu_241   |    0    |    0    |    0    |
|   zext   | zext_ln1273_1_fu_252 |    0    |    0    |    0    |
|          |   zext_ln818_fu_284  |    0    |    0    |    0    |
|          |  zext_ln1347_fu_293  |    0    |    0    |    0    |
|          |  zext_ln1273_fu_319  |    0    |    0    |    0    |
|          |   zext_ln91_fu_328   |    0    |    0    |    0    |
|----------|----------------------|---------|---------|---------|
|    or    |    or_ln89_fu_230    |    0    |    0    |    0    |
|----------|----------------------|---------|---------|---------|
|   sext   |   sext_ln89_fu_278   |    0    |    0    |    0    |
|          |  sext_ln89_1_fu_281  |    0    |    0    |    0    |
|----------|----------------------|---------|---------|---------|
|partselect|     tmp_1_fu_302     |    0    |    0    |    0    |
|          | trunc_ln818_4_fu_345 |    0    |    0    |    0    |
|----------|----------------------|---------|---------|---------|
|bitconcatenate|     tmp_s_fu_312     |    0    |    0    |    0    |
|          |  shl_ln838_s_fu_333  |    0    |    0    |    0    |
|----------|----------------------|---------|---------|---------|
|   Total  |                      |    4    |   330   |   235   |
|----------|----------------------|---------|---------|---------|

Memories:
N/A

* Register list:
+------------------------+--------+
|                        |   FF   |
+------------------------+--------+
|    H_addr_1_reg_406    |    3   |
|     H_addr_reg_401     |    3   |
|    H_load_1_reg_426    |   17   |
|     H_load_reg_421     |   17   |
|   K_V_addr_1_reg_396   |    3   |
|    K_V_addr_reg_391    |    3   |
|   K_V_load_1_reg_416   |   32   |
|    K_V_load_reg_411    |   32   |
|        i_reg_363       |    3   |
|    icmp_ln89_reg_377   |    1   |
|indvar_flatten45_reg_370|    5   |
|        j_reg_356       |    3   |
|   mul_ln1347_reg_451   |   48   |
|   select_ln89_reg_381  |    3   |
|   sext_ln89_1_reg_436  |   48   |
|    sext_ln89_reg_431   |   48   |
|      tmp_1_reg_456     |   32   |
|   trunc_ln91_reg_386   |    2   |
|   zext_ln1347_reg_446  |   48   |
|   zext_ln818_reg_441   |   48   |
+------------------------+--------+
|          Total         |   399  |
+------------------------+--------+

* Multiplexer (MUX) list: 
|-------------------|------|------|------|--------||---------||---------|
|        Comp       |  Pin | Size |  BW  | S x BW ||  Delay  ||   LUT   |
|-------------------|------|------|------|--------||---------||---------|
|  grp_access_fu_73 |  p0  |   2  |   3  |    6   ||    9    |
|  grp_access_fu_73 |  p2  |   2  |   0  |    0   ||    9    |
| grp_access_fu_105 |  p0  |   2  |   3  |    6   ||    9    |
| grp_access_fu_105 |  p2  |   2  |   0  |    0   ||    9    |
|     grp_fu_287    |  p0  |   2  |  17  |   34   ||    9    |
|     grp_fu_287    |  p1  |   2  |  32  |   64   ||    9    |
|     grp_fu_296    |  p0  |   2  |  17  |   34   ||    9    |
|     grp_fu_296    |  p1  |   2  |  32  |   64   ||    9    |
|-------------------|------|------|------|--------||---------||---------|
|       Total       |      |      |      |   208  ||  12.704 ||    72   |
|-------------------|------|------|------|--------||---------||---------|



* Summary:
+-----------+--------+--------+--------+--------+
|           |   DSP  |  Delay |   FF   |   LUT  |
+-----------+--------+--------+--------+--------+
|  Function |    4   |    -   |   330  |   235  |
|   Memory  |    -   |    -   |    -   |    -   |
|Multiplexer|    -   |   12   |    -   |   72   |
|  Register |    -   |    -   |   399  |    -   |
+-----------+--------+--------+--------+--------+
|   Total   |    4   |   12   |   729  |   307  |
+-----------+--------+--------+--------+--------+
