Copyright 1986-2022 Xilinx, Inc. All Rights Reserved.
--------------------------------------------------------------------------------------------------------------------------------------------
| Tool Version : Vivado v.2022.2 (lin64) Build 3671981 Fri Oct 14 04:59:54 MDT 2022
| Date         : Mon May 20 14:20:57 2024
| Host         : shahlarious-ub running 64-bit Ubuntu 22.04.4 LTS
| Command      : report_utilization -hierarchical -hierarchical_depth 6 -file ./report/kalman_filter_top_utilization_hierarchical_synth.rpt
| Design       : bd_0_wrapper
| Device       : xc7z020clg400-1
| Speed File   : -1
| Design State : Synthesized
--------------------------------------------------------------------------------------------------------------------------------------------

Utilization Design Information

Table of Contents
-----------------
1. Utilization by Hierarchy

1. Utilization by Hierarchy
---------------------------

+-------------------------------------------------------------------------------------+------------------------------------------------------------------------------------------------------------+------------+------------+---------+------+------+--------+--------+------------+
|                                       Instance                                      |                                                   Module                                                   | Total LUTs | Logic LUTs | LUTRAMs | SRLs |  FFs | RAMB36 | RAMB18 | DSP Blocks |
+-------------------------------------------------------------------------------------+------------------------------------------------------------------------------------------------------------+------------+------------+---------+------+------+--------+--------+------------+
| bd_0_wrapper                                                                        |                                                                                                      (top) |       4489 |       3956 |     336 |  197 | 6293 |      0 |      1 |         56 |
|   bd_0_i                                                                            |                                                                                                       bd_0 |       4489 |       3956 |     336 |  197 | 6293 |      0 |      1 |         56 |
|     hls_inst                                                                        |                                                                                            bd_0_hls_inst_0 |       4489 |       3956 |     336 |  197 | 6293 |      0 |      1 |         56 |
|       (hls_inst)                                                                    |                                                                                            bd_0_hls_inst_0 |          0 |          0 |       0 |    0 |    0 |      0 |      0 |          0 |
|       inst                                                                          |                                                                          bd_0_hls_inst_0_kalman_filter_top |       4489 |       3956 |     336 |  197 | 6293 |      0 |      1 |         56 |
|         (inst)                                                                      |                                                                          bd_0_hls_inst_0_kalman_filter_top |         60 |         60 |       0 |    0 |  781 |      0 |      0 |          0 |
|         CONTROL_BUS_s_axi_U                                                         |                                                        bd_0_hls_inst_0_kalman_filter_top_CONTROL_BUS_s_axi |        276 |        212 |      64 |    0 |  249 |      0 |      0 |          0 |
|           (CONTROL_BUS_s_axi_U)                                                     |                                                        bd_0_hls_inst_0_kalman_filter_top_CONTROL_BUS_s_axi |        165 |        165 |       0 |    0 |  185 |      0 |      0 |          0 |
|           int_z                                                                     |                                                    bd_0_hls_inst_0_kalman_filter_top_CONTROL_BUS_s_axi_ram |        111 |         47 |      64 |    0 |   64 |      0 |      0 |          0 |
|         H_U                                                                         |                                                            bd_0_hls_inst_0_kalman_filter_top_H_ROM_AUTO_1R |          4 |          4 |       0 |    0 |    4 |      0 |      0 |          0 |
|         K_V_U                                                                       |                                                        bd_0_hls_inst_0_kalman_filter_top_K_V_RAM_AUTO_1R1W |         65 |          1 |      64 |    0 |   64 |      0 |      0 |          0 |
|         P_init_V_U                                                                  |                                                   bd_0_hls_inst_0_kalman_filter_top_P_init_V_RAM_AUTO_1R1W |         64 |          0 |      64 |    0 |   64 |      0 |      0 |          0 |
|         P_prior_V_U                                                                 |                                             bd_0_hls_inst_0_kalman_filter_top_P_prior_V_RAM_1WNR_AUTO_1R1W |        168 |         56 |     112 |    0 |  128 |      0 |      0 |          0 |
|         grp_kalman_filter_top_Pipeline_VITIS_LOOP_151_1_fu_293                      |                              bd_0_hls_inst_0_kalman_filter_top_kalman_filter_top_Pipeline_VITIS_LOOP_151_1 |        257 |        257 |       0 |    0 |  549 |      0 |      0 |          0 |
|           (grp_kalman_filter_top_Pipeline_VITIS_LOOP_151_1_fu_293)                  |                              bd_0_hls_inst_0_kalman_filter_top_kalman_filter_top_Pipeline_VITIS_LOOP_151_1 |        234 |        234 |       0 |    0 |  547 |      0 |      0 |          0 |
|           flow_control_loop_pipe_sequential_init_U                                  |                                bd_0_hls_inst_0_kalman_filter_top_flow_control_loop_pipe_sequential_init_25 |         23 |         23 |       0 |    0 |    2 |      0 |      0 |          0 |
|         grp_kalman_filter_top_Pipeline_VITIS_LOOP_20_1_fu_192                       |                               bd_0_hls_inst_0_kalman_filter_top_kalman_filter_top_Pipeline_VITIS_LOOP_20_1 |        175 |        172 |       0 |    3 |  409 |      0 |      0 |          8 |
|           (grp_kalman_filter_top_Pipeline_VITIS_LOOP_20_1_fu_192)                   |                               bd_0_hls_inst_0_kalman_filter_top_kalman_filter_top_Pipeline_VITIS_LOOP_20_1 |        103 |        100 |       0 |    3 |  369 |      0 |      0 |          0 |
|           flow_control_loop_pipe_sequential_init_U                                  |                                bd_0_hls_inst_0_kalman_filter_top_flow_control_loop_pipe_sequential_init_22 |         10 |         10 |       0 |    0 |    2 |      0 |      0 |          0 |
|           mul_32s_32ns_48_2_1_U6                                                    |                                                   bd_0_hls_inst_0_kalman_filter_top_mul_32s_32ns_48_2_1_23 |         31 |         31 |       0 |    0 |   19 |      0 |      0 |          4 |
|           mul_32s_32ns_48_2_1_U8                                                    |                                                   bd_0_hls_inst_0_kalman_filter_top_mul_32s_32ns_48_2_1_24 |         31 |         31 |       0 |    0 |   19 |      0 |      0 |          4 |
|         grp_kalman_filter_top_Pipeline_VITIS_LOOP_27_3_VITIS_LOOP_28_4_fu_204       |               bd_0_hls_inst_0_kalman_filter_top_kalman_filter_top_Pipeline_VITIS_LOOP_27_3_VITIS_LOOP_28_4 |        276 |        276 |       0 |    0 |  306 |      0 |      0 |         16 |
|           (grp_kalman_filter_top_Pipeline_VITIS_LOOP_27_3_VITIS_LOOP_28_4_fu_204)   |               bd_0_hls_inst_0_kalman_filter_top_kalman_filter_top_Pipeline_VITIS_LOOP_27_3_VITIS_LOOP_28_4 |        121 |        121 |       0 |    0 |  229 |      0 |      0 |          0 |
|           flow_control_loop_pipe_sequential_init_U                                  |                                bd_0_hls_inst_0_kalman_filter_top_flow_control_loop_pipe_sequential_init_18 |         25 |         25 |       0 |    0 |    2 |      0 |      0 |          0 |
|           mul_32s_32ns_48_2_1_U21                                                   |                                                      bd_0_hls_inst_0_kalman_filter_top_mul_32s_32ns_48_2_1 |         34 |         34 |       0 |    0 |   18 |      0 |      0 |          4 |
|           mul_32s_32ns_48_2_1_U22                                                   |                                                   bd_0_hls_inst_0_kalman_filter_top_mul_32s_32ns_48_2_1_19 |         32 |         32 |       0 |    0 |   19 |      0 |      0 |          4 |
|           mul_32s_32ns_48_2_1_U25                                                   |                                                   bd_0_hls_inst_0_kalman_filter_top_mul_32s_32ns_48_2_1_20 |         32 |         32 |       0 |    0 |   19 |      0 |      0 |          4 |
|           mul_32s_32ns_48_2_1_U26                                                   |                                                   bd_0_hls_inst_0_kalman_filter_top_mul_32s_32ns_48_2_1_21 |         32 |         32 |       0 |    0 |   19 |      0 |      0 |          4 |
|         grp_kalman_filter_top_Pipeline_VITIS_LOOP_36_6_VITIS_LOOP_37_7_fu_212       |               bd_0_hls_inst_0_kalman_filter_top_kalman_filter_top_Pipeline_VITIS_LOOP_36_6_VITIS_LOOP_37_7 |         60 |         60 |       0 |    0 |   18 |      0 |      0 |          0 |
|           (grp_kalman_filter_top_Pipeline_VITIS_LOOP_36_6_VITIS_LOOP_37_7_fu_212)   |               bd_0_hls_inst_0_kalman_filter_top_kalman_filter_top_Pipeline_VITIS_LOOP_36_6_VITIS_LOOP_37_7 |         40 |         40 |       0 |    0 |   15 |      0 |      0 |          0 |
|           Q_U                                                                       | bd_0_hls_inst_0_kalman_filter_top_kalman_filter_top_Pipeline_VITIS_LOOP_36_6_VITIS_LOOP_37_7_Q_ROM_AUTO_1R |          0 |          0 |       0 |    0 |    1 |      0 |      0 |          0 |
|           flow_control_loop_pipe_sequential_init_U                                  |                                bd_0_hls_inst_0_kalman_filter_top_flow_control_loop_pipe_sequential_init_17 |         20 |         20 |       0 |    0 |    2 |      0 |      0 |          0 |
|         grp_kalman_filter_top_Pipeline_VITIS_LOOP_44_8_fu_219                       |                               bd_0_hls_inst_0_kalman_filter_top_kalman_filter_top_Pipeline_VITIS_LOOP_44_8 |        188 |        186 |       0 |    2 |  384 |      0 |      0 |          0 |
|           (grp_kalman_filter_top_Pipeline_VITIS_LOOP_44_8_fu_219)                   |                               bd_0_hls_inst_0_kalman_filter_top_kalman_filter_top_Pipeline_VITIS_LOOP_44_8 |        180 |        178 |       0 |    2 |  382 |      0 |      0 |          0 |
|           flow_control_loop_pipe_sequential_init_U                                  |                                bd_0_hls_inst_0_kalman_filter_top_flow_control_loop_pipe_sequential_init_16 |          8 |          8 |       0 |    0 |    2 |      0 |      0 |          0 |
|         grp_kalman_filter_top_Pipeline_VITIS_LOOP_52_10_VITIS_LOOP_53_11_fu_233     |             bd_0_hls_inst_0_kalman_filter_top_kalman_filter_top_Pipeline_VITIS_LOOP_52_10_VITIS_LOOP_53_11 |        424 |        421 |       0 |    3 |  425 |      0 |      0 |          0 |
|           (grp_kalman_filter_top_Pipeline_VITIS_LOOP_52_10_VITIS_LOOP_53_11_fu_233) |             bd_0_hls_inst_0_kalman_filter_top_kalman_filter_top_Pipeline_VITIS_LOOP_52_10_VITIS_LOOP_53_11 |        410 |        407 |       0 |    3 |  423 |      0 |      0 |          0 |
|           flow_control_loop_pipe_sequential_init_U                                  |                                bd_0_hls_inst_0_kalman_filter_top_flow_control_loop_pipe_sequential_init_15 |         14 |         14 |       0 |    0 |    2 |      0 |      0 |          0 |
|         grp_kalman_filter_top_Pipeline_VITIS_LOOP_71_13_VITIS_LOOP_72_14_fu_244     |             bd_0_hls_inst_0_kalman_filter_top_kalman_filter_top_Pipeline_VITIS_LOOP_71_13_VITIS_LOOP_72_14 |        154 |        148 |       0 |    6 |  204 |      0 |      0 |         12 |
|           (grp_kalman_filter_top_Pipeline_VITIS_LOOP_71_13_VITIS_LOOP_72_14_fu_244) |             bd_0_hls_inst_0_kalman_filter_top_kalman_filter_top_Pipeline_VITIS_LOOP_71_13_VITIS_LOOP_72_14 |         45 |         39 |       0 |    6 |  104 |      0 |      0 |          1 |
|           flow_control_loop_pipe_sequential_init_U                                  |                                bd_0_hls_inst_0_kalman_filter_top_flow_control_loop_pipe_sequential_init_13 |         15 |         15 |       0 |    0 |    2 |      0 |      0 |          0 |
|           mul_48s_32s_64_5_1_U53                                                    |                                                       bd_0_hls_inst_0_kalman_filter_top_mul_48s_32s_64_5_1 |         62 |         62 |       0 |    0 |   49 |      0 |      0 |          6 |
|           mul_48s_32s_64_5_1_U54                                                    |                                                    bd_0_hls_inst_0_kalman_filter_top_mul_48s_32s_64_5_1_14 |         32 |         32 |       0 |    0 |   49 |      0 |      0 |          5 |
|         grp_kalman_filter_top_Pipeline_VITIS_LOOP_82_17_fu_254                      |                              bd_0_hls_inst_0_kalman_filter_top_kalman_filter_top_Pipeline_VITIS_LOOP_82_17 |        473 |        470 |       0 |    3 |  504 |      0 |      0 |          0 |
|           (grp_kalman_filter_top_Pipeline_VITIS_LOOP_82_17_fu_254)                  |                              bd_0_hls_inst_0_kalman_filter_top_kalman_filter_top_Pipeline_VITIS_LOOP_82_17 |        333 |        330 |       0 |    3 |  502 |      0 |      0 |          0 |
|           flow_control_loop_pipe_sequential_init_U                                  |                                bd_0_hls_inst_0_kalman_filter_top_flow_control_loop_pipe_sequential_init_12 |        140 |        140 |       0 |    0 |    2 |      0 |      0 |          0 |
|         grp_kalman_filter_top_Pipeline_VITIS_LOOP_89_19_VITIS_LOOP_90_20_fu_277     |             bd_0_hls_inst_0_kalman_filter_top_kalman_filter_top_Pipeline_VITIS_LOOP_89_19_VITIS_LOOP_90_20 |         61 |         55 |       0 |    6 |   62 |      0 |      0 |          4 |
|           (grp_kalman_filter_top_Pipeline_VITIS_LOOP_89_19_VITIS_LOOP_90_20_fu_277) |             bd_0_hls_inst_0_kalman_filter_top_kalman_filter_top_Pipeline_VITIS_LOOP_89_19_VITIS_LOOP_90_20 |         43 |         37 |       0 |    6 |   59 |      0 |      0 |          1 |
|           flow_control_loop_pipe_sequential_init_U                                  |                                bd_0_hls_inst_0_kalman_filter_top_flow_control_loop_pipe_sequential_init_10 |         18 |         18 |       0 |    0 |    2 |      0 |      0 |          0 |
|           mul_17ns_32s_48_2_1_U80                                                   |                                                      bd_0_hls_inst_0_kalman_filter_top_mul_17ns_32s_48_2_1 |          0 |          0 |       0 |    0 |    1 |      0 |      0 |          2 |
|           mul_17ns_32s_48_2_1_U81                                                   |                                                   bd_0_hls_inst_0_kalman_filter_top_mul_17ns_32s_48_2_1_11 |          0 |          0 |       0 |    0 |    0 |      0 |      0 |          1 |
|         grp_kalman_filter_top_Pipeline_VITIS_LOOP_98_22_VITIS_LOOP_99_23_fu_285     |             bd_0_hls_inst_0_kalman_filter_top_kalman_filter_top_Pipeline_VITIS_LOOP_98_22_VITIS_LOOP_99_23 |         20 |         20 |       0 |    0 |   17 |      0 |      0 |          0 |
|           (grp_kalman_filter_top_Pipeline_VITIS_LOOP_98_22_VITIS_LOOP_99_23_fu_285) |             bd_0_hls_inst_0_kalman_filter_top_kalman_filter_top_Pipeline_VITIS_LOOP_98_22_VITIS_LOOP_99_23 |          0 |          0 |       0 |    0 |   15 |      0 |      0 |          0 |
|           flow_control_loop_pipe_sequential_init_U                                  |                                   bd_0_hls_inst_0_kalman_filter_top_flow_control_loop_pipe_sequential_init |         20 |         20 |       0 |    0 |    2 |      0 |      0 |          0 |
|         hostmem_m_axi_U                                                             |                                                            bd_0_hls_inst_0_kalman_filter_top_hostmem_m_axi |        678 |        506 |       0 |  172 |  968 |      0 |      1 |          0 |
|           bus_read                                                                  |                                                       bd_0_hls_inst_0_kalman_filter_top_hostmem_m_axi_read |          4 |          4 |       0 |    0 |    5 |      0 |      0 |          0 |
|             rs_rdata                                                                |                                  bd_0_hls_inst_0_kalman_filter_top_hostmem_m_axi_reg_slice__parameterized2 |          4 |          4 |       0 |    0 |    5 |      0 |      0 |          0 |
|           bus_write                                                                 |                                                      bd_0_hls_inst_0_kalman_filter_top_hostmem_m_axi_write |        531 |        423 |       0 |  108 |  773 |      0 |      0 |          0 |
|             (bus_write)                                                             |                                                      bd_0_hls_inst_0_kalman_filter_top_hostmem_m_axi_write |        152 |        152 |       0 |    0 |  336 |      0 |      0 |          0 |
|             fifo_burst                                                              |                                       bd_0_hls_inst_0_kalman_filter_top_hostmem_m_axi_fifo__parameterized4 |         35 |         31 |       0 |    4 |   16 |      0 |      0 |          0 |
|             fifo_resp                                                               |                                     bd_0_hls_inst_0_kalman_filter_top_hostmem_m_axi_fifo__parameterized1_8 |         19 |         18 |       0 |    1 |   13 |      0 |      0 |          0 |
|             rs_resp                                                                 |                                  bd_0_hls_inst_0_kalman_filter_top_hostmem_m_axi_reg_slice__parameterized1 |          4 |          4 |       0 |    0 |    5 |      0 |      0 |          0 |
|             rs_wreq                                                                 |                                                  bd_0_hls_inst_0_kalman_filter_top_hostmem_m_axi_reg_slice |         97 |         97 |       0 |    0 |  133 |      0 |      0 |          0 |
|             wreq_throttle                                                           |                                                   bd_0_hls_inst_0_kalman_filter_top_hostmem_m_axi_throttle |        224 |        121 |       0 |  103 |  270 |      0 |      0 |          0 |
|           load_unit                                                                 |                                                       bd_0_hls_inst_0_kalman_filter_top_hostmem_m_axi_load |         17 |         17 |       0 |    0 |   12 |      0 |      0 |          0 |
|             buff_rdata                                                              |                                       bd_0_hls_inst_0_kalman_filter_top_hostmem_m_axi_fifo__parameterized3 |         17 |         17 |       0 |    0 |   12 |      0 |      0 |          0 |
|           store_unit                                                                |                                                      bd_0_hls_inst_0_kalman_filter_top_hostmem_m_axi_store |        126 |         62 |       0 |   64 |  178 |      0 |      1 |          0 |
|             (store_unit)                                                            |                                                      bd_0_hls_inst_0_kalman_filter_top_hostmem_m_axi_store |          1 |          1 |       0 |    0 |   65 |      0 |      0 |          0 |
|             buff_wdata                                                              |                                       bd_0_hls_inst_0_kalman_filter_top_hostmem_m_axi_fifo__parameterized0 |         12 |         12 |       0 |    0 |   20 |      0 |      1 |          0 |
|             fifo_wreq                                                               |                                                       bd_0_hls_inst_0_kalman_filter_top_hostmem_m_axi_fifo |         82 |         19 |       0 |   63 |   73 |      0 |      0 |          0 |
|             fifo_wrsp                                                               |                                       bd_0_hls_inst_0_kalman_filter_top_hostmem_m_axi_fifo__parameterized1 |         20 |         19 |       0 |    1 |   13 |      0 |      0 |          0 |
|             user_resp                                                               |                                       bd_0_hls_inst_0_kalman_filter_top_hostmem_m_axi_fifo__parameterized2 |         11 |         11 |       0 |    0 |    7 |      0 |      0 |          0 |
|         mul_32s_17ns_48_2_1_U104                                                    |                                                      bd_0_hls_inst_0_kalman_filter_top_mul_32s_17ns_48_2_1 |          0 |          0 |       0 |    0 |   17 |      0 |      0 |          2 |
|         mul_32s_17ns_48_2_1_U105                                                    |                                                    bd_0_hls_inst_0_kalman_filter_top_mul_32s_17ns_48_2_1_0 |          0 |          0 |       0 |    0 |   17 |      0 |      0 |          2 |
|         mul_32s_17ns_48_2_1_U106                                                    |                                                    bd_0_hls_inst_0_kalman_filter_top_mul_32s_17ns_48_2_1_1 |          0 |          0 |       0 |    0 |   17 |      0 |      0 |          2 |
|         mul_32s_17ns_48_2_1_U107                                                    |                                                    bd_0_hls_inst_0_kalman_filter_top_mul_32s_17ns_48_2_1_2 |          0 |          0 |       0 |    0 |   17 |      0 |      0 |          2 |
|         mul_32s_32s_48_2_1_U98                                                      |                                                       bd_0_hls_inst_0_kalman_filter_top_mul_32s_32s_48_2_1 |         31 |         31 |       0 |    0 |   34 |      0 |      0 |          4 |
|         mul_32s_32s_48_2_1_U99                                                      |                                                     bd_0_hls_inst_0_kalman_filter_top_mul_32s_32s_48_2_1_3 |         31 |         31 |       0 |    0 |   34 |      0 |      0 |          4 |
|         sdiv_48ns_32s_32_52_seq_1_U100                                              |                                                bd_0_hls_inst_0_kalman_filter_top_sdiv_48ns_32s_32_52_seq_1 |        183 |        183 |       0 |    0 |  223 |      0 |      0 |          0 |
|           (sdiv_48ns_32s_32_52_seq_1_U100)                                          |                                                bd_0_hls_inst_0_kalman_filter_top_sdiv_48ns_32s_32_52_seq_1 |         32 |         32 |       0 |    0 |   64 |      0 |      0 |          0 |
|           kalman_filter_top_sdiv_48ns_32s_32_52_seq_1_divseq_u                      |                                       bd_0_hls_inst_0_kalman_filter_top_sdiv_48ns_32s_32_52_seq_1_divseq_7 |        151 |        151 |       0 |    0 |  159 |      0 |      0 |          0 |
|         sdiv_48ns_32s_32_52_seq_1_U103                                              |                                              bd_0_hls_inst_0_kalman_filter_top_sdiv_48ns_32s_32_52_seq_1_4 |        183 |        183 |       0 |    0 |  223 |      0 |      0 |          0 |
|           (sdiv_48ns_32s_32_52_seq_1_U103)                                          |                                              bd_0_hls_inst_0_kalman_filter_top_sdiv_48ns_32s_32_52_seq_1_4 |         32 |         32 |       0 |    0 |   64 |      0 |      0 |          0 |
|           kalman_filter_top_sdiv_48ns_32s_32_52_seq_1_divseq_u                      |                                         bd_0_hls_inst_0_kalman_filter_top_sdiv_48ns_32s_32_52_seq_1_divseq |        151 |        151 |       0 |    0 |  159 |      0 |      0 |          0 |
|         sdiv_49ns_32s_32_53_seq_1_U101                                              |                                                bd_0_hls_inst_0_kalman_filter_top_sdiv_49ns_32s_32_53_seq_1 |        185 |        185 |       0 |    0 |  228 |      0 |      0 |          0 |
|           (sdiv_49ns_32s_32_53_seq_1_U101)                                          |                                                bd_0_hls_inst_0_kalman_filter_top_sdiv_49ns_32s_32_53_seq_1 |         33 |         33 |       0 |    0 |   65 |      0 |      0 |          0 |
|           kalman_filter_top_sdiv_49ns_32s_32_53_seq_1_divseq_u                      |                                       bd_0_hls_inst_0_kalman_filter_top_sdiv_49ns_32s_32_53_seq_1_divseq_6 |        152 |        152 |       0 |    0 |  163 |      0 |      0 |          0 |
|         sdiv_49ns_32s_32_53_seq_1_U102                                              |                                              bd_0_hls_inst_0_kalman_filter_top_sdiv_49ns_32s_32_53_seq_1_5 |        446 |        444 |       0 |    2 |  315 |      0 |      0 |          0 |
|           (sdiv_49ns_32s_32_53_seq_1_U102)                                          |                                              bd_0_hls_inst_0_kalman_filter_top_sdiv_49ns_32s_32_53_seq_1_5 |        128 |        128 |       0 |    0 |   98 |      0 |      0 |          0 |
|           kalman_filter_top_sdiv_49ns_32s_32_53_seq_1_divseq_u                      |                                         bd_0_hls_inst_0_kalman_filter_top_sdiv_49ns_32s_32_53_seq_1_divseq |        318 |        316 |       0 |    2 |  217 |      0 |      0 |          0 |
|         temp_V_U                                                                    |                                                     bd_0_hls_inst_0_kalman_filter_top_temp_V_RAM_AUTO_1R1W |         32 |          0 |      32 |    0 |   32 |      0 |      0 |          0 |
+-------------------------------------------------------------------------------------+------------------------------------------------------------------------------------------------------------+------------+------------+---------+------+------+--------+--------+------------+


